../Drivers/STM32WBxx_HAL_Driver/Inc/stm32wbxx_ll_bus.h:539:22:LL_AHB2_GRP1_EnableClock	24	static
../Core/Src/main.c:67:13:cs_low_ads	8	static
../Core/Src/main.c:70:13:cs_high_ads	8	static
../Core/Src/main.c:75:6:ADS1293_write	24	static
../Core/Src/main.c:88:16:ADS1293_read	24	static
../Core/Src/main.c:98:6:ADS1293_INIT	8	static
../Core/Src/main.c:136:6:ADS1293_start_conv	8	static
../Core/Src/main.c:141:6:ADS1293_stream_read	24	static
../Core/Src/main.c:180:5:main	8	static
../Core/Src/main.c:296:6:SystemClock_Config	112	static
../Core/Src/main.c:342:6:PeriphCommonClock_Config	88	static
../Core/Src/main.c:366:13:MX_SPI1_Init	8	static
../Core/Src/main.c:406:13:MX_SPI2_Init	8	static
../Core/Src/main.c:446:13:MX_GPIO_Init	8	static
../Core/Src/main.c:464:6:Error_Handler	4	static,ignoring_inline_asm
