23:02:45 **** Build of configuration Debug for project fowl ****
make -j8 all 
arm-none-eabi-gcc "../Drivers/STM32WBxx_HAL_Driver/Src/stm32wbxx_hal.c" -mcpu=cortex-m4 -std=gnu11 -g3 -DDEBUG -DUSE_HAL_DRIVER -DSTM32WB55xx -c -I../Core/Inc -I../Drivers/STM32WBxx_HAL_Driver/Inc -I../Drivers/STM32WBxx_HAL_Driver/Inc/Legacy -I../Drivers/CMSIS/Device/ST/STM32WBxx/Include -I../Drivers/CMSIS/Include -O0 -ffunction-sections -fdata-sections -Wall -fstack-usage -MMD -MP -MF"Drivers/STM32WBxx_HAL_Driver/Src/stm32wbxx_hal.d" -MT"Drivers/STM32WBxx_HAL_Driver/Src/stm32wbxx_hal.o" --specs=nano.specs -mfpu=fpv4-sp-d16 -mfloat-abi=hard -mthumb -o "Drivers/STM32WBxx_HAL_Driver/Src/stm32wbxx_hal.o"
arm-none-eabi-gcc "../Drivers/STM32WBxx_HAL_Driver/Src/stm32wbxx_hal_cortex.c" -mcpu=cortex-m4 -std=gnu11 -g3 -DDEBUG -DUSE_HAL_DRIVER -DSTM32WB55xx -c -I../Core/Inc -I../Drivers/STM32WBxx_HAL_Driver/Inc -I../Drivers/STM32WBxx_HAL_Driver/Inc/Legacy -I../Drivers/CMSIS/Device/ST/STM32WBxx/Include -I../Drivers/CMSIS/Include -O0 -ffunction-sections -fdata-sections -Wall -fstack-usage -MMD -MP -MF"Drivers/STM32WBxx_HAL_Driver/Src/stm32wbxx_hal_cortex.d" -MT"Drivers/STM32WBxx_HAL_Driver/Src/stm32wbxx_hal_cortex.o" --specs=nano.specs -mfpu=fpv4-sp-d16 -mfloat-abi=hard -mthumb -o "Drivers/STM32WBxx_HAL_Driver/Src/stm32wbxx_hal_cortex.o"
arm-none-eabi-gcc "../Drivers/STM32WBxx_HAL_Driver/Src/stm32wbxx_hal_dma.c" -mcpu=cortex-m4 -std=gnu11 -g3 -DDEBUG -DUSE_HAL_DRIVER -DSTM32WB55xx -c -I../Core/Inc -I../Drivers/STM32WBxx_HAL_Driver/Inc -I../Drivers/STM32WBxx_HAL_Driver/Inc/Legacy -I../Drivers/CMSIS/Device/ST/STM32WBxx/Include -I../Drivers/CMSIS/Include -O0 -ffunction-sections -fdata-sections -Wall -fstack-usage -MMD -MP -MF"Drivers/STM32WBxx_HAL_Driver/Src/stm32wbxx_hal_dma.d" -MT"Drivers/STM32WBxx_HAL_Driver/Src/stm32wbxx_hal_dma.o" --specs=nano.specs -mfpu=fpv4-sp-d16 -mfloat-abi=hard -mthumb -o "Drivers/STM32WBxx_HAL_Driver/Src/stm32wbxx_hal_dma.o"
arm-none-eabi-gcc "../Drivers/STM32WBxx_HAL_Driver/Src/stm32wbxx_hal_dma_ex.c" -mcpu=cortex-m4 -std=gnu11 -g3 -DDEBUG -DUSE_HAL_DRIVER -DSTM32WB55xx -c -I../Core/Inc -I../Drivers/STM32WBxx_HAL_Driver/Inc -I../Drivers/STM32WBxx_HAL_Driver/Inc/Legacy -I../Drivers/CMSIS/Device/ST/STM32WBxx/Include -I../Drivers/CMSIS/Include -O0 -ffunction-sections -fdata-sections -Wall -fstack-usage -MMD -MP -MF"Drivers/STM32WBxx_HAL_Driver/Src/stm32wbxx_hal_dma_ex.d" -MT"Drivers/STM32WBxx_HAL_Driver/Src/stm32wbxx_hal_dma_ex.o" --specs=nano.specs -mfpu=fpv4-sp-d16 -mfloat-abi=hard -mthumb -o "Drivers/STM32WBxx_HAL_Driver/Src/stm32wbxx_hal_dma_ex.o"
arm-none-eabi-gcc "../Drivers/STM32WBxx_HAL_Driver/Src/stm32wbxx_hal_exti.c" -mcpu=cortex-m4 -std=gnu11 -g3 -DDEBUG -DUSE_HAL_DRIVER -DSTM32WB55xx -c -I../Core/Inc -I../Drivers/STM32WBxx_HAL_Driver/Inc -I../Drivers/STM32WBxx_HAL_Driver/Inc/Legacy -I../Drivers/CMSIS/Device/ST/STM32WBxx/Include -I../Drivers/CMSIS/Include -O0 -ffunction-sections -fdata-sections -Wall -fstack-usage -MMD -MP -MF"Drivers/STM32WBxx_HAL_Driver/Src/stm32wbxx_hal_exti.d" -MT"Drivers/STM32WBxx_HAL_Driver/Src/stm32wbxx_hal_exti.o" --specs=nano.specs -mfpu=fpv4-sp-d16 -mfloat-abi=hard -mthumb -o "Drivers/STM32WBxx_HAL_Driver/Src/stm32wbxx_hal_exti.o"
arm-none-eabi-gcc "../Drivers/STM32WBxx_HAL_Driver/Src/stm32wbxx_hal_flash.c" -mcpu=cortex-m4 -std=gnu11 -g3 -DDEBUG -DUSE_HAL_DRIVER -DSTM32WB55xx -c -I../Core/Inc -I../Drivers/STM32WBxx_HAL_Driver/Inc -I../Drivers/STM32WBxx_HAL_Driver/Inc/Legacy -I../Drivers/CMSIS/Device/ST/STM32WBxx/Include -I../Drivers/CMSIS/Include -O0 -ffunction-sections -fdata-sections -Wall -fstack-usage -MMD -MP -MF"Drivers/STM32WBxx_HAL_Driver/Src/stm32wbxx_hal_flash.d" -MT"Drivers/STM32WBxx_HAL_Driver/Src/stm32wbxx_hal_flash.o" --specs=nano.specs -mfpu=fpv4-sp-d16 -mfloat-abi=hard -mthumb -o "Drivers/STM32WBxx_HAL_Driver/Src/stm32wbxx_hal_flash.o"
arm-none-eabi-gcc "../Drivers/STM32WBxx_HAL_Driver/Src/stm32wbxx_hal_flash_ex.c" -mcpu=cortex-m4 -std=gnu11 -g3 -DDEBUG -DUSE_HAL_DRIVER -DSTM32WB55xx -c -I../Core/Inc -I../Drivers/STM32WBxx_HAL_Driver/Inc -I../Drivers/STM32WBxx_HAL_Driver/Inc/Legacy -I../Drivers/CMSIS/Device/ST/STM32WBxx/Include -I../Drivers/CMSIS/Include -O0 -ffunction-sections -fdata-sections -Wall -fstack-usage -MMD -MP -MF"Drivers/STM32WBxx_HAL_Driver/Src/stm32wbxx_hal_flash_ex.d" -MT"Drivers/STM32WBxx_HAL_Driver/Src/stm32wbxx_hal_flash_ex.o" --specs=nano.specs -mfpu=fpv4-sp-d16 -mfloat-abi=hard -mthumb -o "Drivers/STM32WBxx_HAL_Driver/Src/stm32wbxx_hal_flash_ex.o"
arm-none-eabi-gcc "../Drivers/STM32WBxx_HAL_Driver/Src/stm32wbxx_hal_gpio.c" -mcpu=cortex-m4 -std=gnu11 -g3 -DDEBUG -DUSE_HAL_DRIVER -DSTM32WB55xx -c -I../Core/Inc -I../Drivers/STM32WBxx_HAL_Driver/Inc -I../Drivers/STM32WBxx_HAL_Driver/Inc/Legacy -I../Drivers/CMSIS/Device/ST/STM32WBxx/Include -I../Drivers/CMSIS/Include -O0 -ffunction-sections -fdata-sections -Wall -fstack-usage -MMD -MP -MF"Drivers/STM32WBxx_HAL_Driver/Src/stm32wbxx_hal_gpio.d" -MT"Drivers/STM32WBxx_HAL_Driver/Src/stm32wbxx_hal_gpio.o" --specs=nano.specs -mfpu=fpv4-sp-d16 -mfloat-abi=hard -mthumb -o "Drivers/STM32WBxx_HAL_Driver/Src/stm32wbxx_hal_gpio.o"
arm-none-eabi-gcc "../Drivers/STM32WBxx_HAL_Driver/Src/stm32wbxx_hal_hsem.c" -mcpu=cortex-m4 -std=gnu11 -g3 -DDEBUG -DUSE_HAL_DRIVER -DSTM32WB55xx -c -I../Core/Inc -I../Drivers/STM32WBxx_HAL_Driver/Inc -I../Drivers/STM32WBxx_HAL_Driver/Inc/Legacy -I../Drivers/CMSIS/Device/ST/STM32WBxx/Include -I../Drivers/CMSIS/Include -O0 -ffunction-sections -fdata-sections -Wall -fstack-usage -MMD -MP -MF"Drivers/STM32WBxx_HAL_Driver/Src/stm32wbxx_hal_hsem.d" -MT"Drivers/STM32WBxx_HAL_Driver/Src/stm32wbxx_hal_hsem.o" --specs=nano.specs -mfpu=fpv4-sp-d16 -mfloat-abi=hard -mthumb -o "Drivers/STM32WBxx_HAL_Driver/Src/stm32wbxx_hal_hsem.o"
arm-none-eabi-gcc "../Drivers/STM32WBxx_HAL_Driver/Src/stm32wbxx_hal_pwr.c" -mcpu=cortex-m4 -std=gnu11 -g3 -DDEBUG -DUSE_HAL_DRIVER -DSTM32WB55xx -c -I../Core/Inc -I../Drivers/STM32WBxx_HAL_Driver/Inc -I../Drivers/STM32WBxx_HAL_Driver/Inc/Legacy -I../Drivers/CMSIS/Device/ST/STM32WBxx/Include -I../Drivers/CMSIS/Include -O0 -ffunction-sections -fdata-sections -Wall -fstack-usage -MMD -MP -MF"Drivers/STM32WBxx_HAL_Driver/Src/stm32wbxx_hal_pwr.d" -MT"Drivers/STM32WBxx_HAL_Driver/Src/stm32wbxx_hal_pwr.o" --specs=nano.specs -mfpu=fpv4-sp-d16 -mfloat-abi=hard -mthumb -o "Drivers/STM32WBxx_HAL_Driver/Src/stm32wbxx_hal_pwr.o"
arm-none-eabi-gcc "../Drivers/STM32WBxx_HAL_Driver/Src/stm32wbxx_hal_pwr_ex.c" -mcpu=cortex-m4 -std=gnu11 -g3 -DDEBUG -DUSE_HAL_DRIVER -DSTM32WB55xx -c -I../Core/Inc -I../Drivers/STM32WBxx_HAL_Driver/Inc -I../Drivers/STM32WBxx_HAL_Driver/Inc/Legacy -I../Drivers/CMSIS/Device/ST/STM32WBxx/Include -I../Drivers/CMSIS/Include -O0 -ffunction-sections -fdata-sections -Wall -fstack-usage -MMD -MP -MF"Drivers/STM32WBxx_HAL_Driver/Src/stm32wbxx_hal_pwr_ex.d" -MT"Drivers/STM32WBxx_HAL_Driver/Src/stm32wbxx_hal_pwr_ex.o" --specs=nano.specs -mfpu=fpv4-sp-d16 -mfloat-abi=hard -mthumb -o "Drivers/STM32WBxx_HAL_Driver/Src/stm32wbxx_hal_pwr_ex.o"
arm-none-eabi-gcc "../Drivers/STM32WBxx_HAL_Driver/Src/stm32wbxx_hal_rcc.c" -mcpu=cortex-m4 -std=gnu11 -g3 -DDEBUG -DUSE_HAL_DRIVER -DSTM32WB55xx -c -I../Core/Inc -I../Drivers/STM32WBxx_HAL_Driver/Inc -I../Drivers/STM32WBxx_HAL_Driver/Inc/Legacy -I../Drivers/CMSIS/Device/ST/STM32WBxx/Include -I../Drivers/CMSIS/Include -O0 -ffunction-sections -fdata-sections -Wall -fstack-usage -MMD -MP -MF"Drivers/STM32WBxx_HAL_Driver/Src/stm32wbxx_hal_rcc.d" -MT"Drivers/STM32WBxx_HAL_Driver/Src/stm32wbxx_hal_rcc.o" --specs=nano.specs -mfpu=fpv4-sp-d16 -mfloat-abi=hard -mthumb -o "Drivers/STM32WBxx_HAL_Driver/Src/stm32wbxx_hal_rcc.o"
arm-none-eabi-gcc "../Drivers/STM32WBxx_HAL_Driver/Src/stm32wbxx_hal_rcc_ex.c" -mcpu=cortex-m4 -std=gnu11 -g3 -DDEBUG -DUSE_HAL_DRIVER -DSTM32WB55xx -c -I../Core/Inc -I../Drivers/STM32WBxx_HAL_Driver/Inc -I../Drivers/STM32WBxx_HAL_Driver/Inc/Legacy -I../Drivers/CMSIS/Device/ST/STM32WBxx/Include -I../Drivers/CMSIS/Include -O0 -ffunction-sections -fdata-sections -Wall -fstack-usage -MMD -MP -MF"Drivers/STM32WBxx_HAL_Driver/Src/stm32wbxx_hal_rcc_ex.d" -MT"Drivers/STM32WBxx_HAL_Driver/Src/stm32wbxx_hal_rcc_ex.o" --specs=nano.specs -mfpu=fpv4-sp-d16 -mfloat-abi=hard -mthumb -o "Drivers/STM32WBxx_HAL_Driver/Src/stm32wbxx_hal_rcc_ex.o"
arm-none-eabi-gcc "../Drivers/STM32WBxx_HAL_Driver/Src/stm32wbxx_hal_spi.c" -mcpu=cortex-m4 -std=gnu11 -g3 -DDEBUG -DUSE_HAL_DRIVER -DSTM32WB55xx -c -I../Core/Inc -I../Drivers/STM32WBxx_HAL_Driver/Inc -I../Drivers/STM32WBxx_HAL_Driver/Inc/Legacy -I../Drivers/CMSIS/Device/ST/STM32WBxx/Include -I../Drivers/CMSIS/Include -O0 -ffunction-sections -fdata-sections -Wall -fstack-usage -MMD -MP -MF"Drivers/STM32WBxx_HAL_Driver/Src/stm32wbxx_hal_spi.d" -MT"Drivers/STM32WBxx_HAL_Driver/Src/stm32wbxx_hal_spi.o" --specs=nano.specs -mfpu=fpv4-sp-d16 -mfloat-abi=hard -mthumb -o "Drivers/STM32WBxx_HAL_Driver/Src/stm32wbxx_hal_spi.o"
arm-none-eabi-gcc "../Drivers/STM32WBxx_HAL_Driver/Src/stm32wbxx_hal_spi_ex.c" -mcpu=cortex-m4 -std=gnu11 -g3 -DDEBUG -DUSE_HAL_DRIVER -DSTM32WB55xx -c -I../Core/Inc -I../Drivers/STM32WBxx_HAL_Driver/Inc -I../Drivers/STM32WBxx_HAL_Driver/Inc/Legacy -I../Drivers/CMSIS/Device/ST/STM32WBxx/Include -I../Drivers/CMSIS/Include -O0 -ffunction-sections -fdata-sections -Wall -fstack-usage -MMD -MP -MF"Drivers/STM32WBxx_HAL_Driver/Src/stm32wbxx_hal_spi_ex.d" -MT"Drivers/STM32WBxx_HAL_Driver/Src/stm32wbxx_hal_spi_ex.o" --specs=nano.specs -mfpu=fpv4-sp-d16 -mfloat-abi=hard -mthumb -o "Drivers/STM32WBxx_HAL_Driver/Src/stm32wbxx_hal_spi_ex.o"
arm-none-eabi-gcc "../Drivers/STM32WBxx_HAL_Driver/Src/stm32wbxx_hal_tim.c" -mcpu=cortex-m4 -std=gnu11 -g3 -DDEBUG -DUSE_HAL_DRIVER -DSTM32WB55xx -c -I../Core/Inc -I../Drivers/STM32WBxx_HAL_Driver/Inc -I../Drivers/STM32WBxx_HAL_Driver/Inc/Legacy -I../Drivers/CMSIS/Device/ST/STM32WBxx/Include -I../Drivers/CMSIS/Include -O0 -ffunction-sections -fdata-sections -Wall -fstack-usage -MMD -MP -MF"Drivers/STM32WBxx_HAL_Driver/Src/stm32wbxx_hal_tim.d" -MT"Drivers/STM32WBxx_HAL_Driver/Src/stm32wbxx_hal_tim.o" --specs=nano.specs -mfpu=fpv4-sp-d16 -mfloat-abi=hard -mthumb -o "Drivers/STM32WBxx_HAL_Driver/Src/stm32wbxx_hal_tim.o"
arm-none-eabi-gcc "../Drivers/STM32WBxx_HAL_Driver/Src/stm32wbxx_hal_tim_ex.c" -mcpu=cortex-m4 -std=gnu11 -g3 -DDEBUG -DUSE_HAL_DRIVER -DSTM32WB55xx -c -I../Core/Inc -I../Drivers/STM32WBxx_HAL_Driver/Inc -I../Drivers/STM32WBxx_HAL_Driver/Inc/Legacy -I../Drivers/CMSIS/Device/ST/STM32WBxx/Include -I../Drivers/CMSIS/Include -O0 -ffunction-sections -fdata-sections -Wall -fstack-usage -MMD -MP -MF"Drivers/STM32WBxx_HAL_Driver/Src/stm32wbxx_hal_tim_ex.d" -MT"Drivers/STM32WBxx_HAL_Driver/Src/stm32wbxx_hal_tim_ex.o" --specs=nano.specs -mfpu=fpv4-sp-d16 -mfloat-abi=hard -mthumb -o "Drivers/STM32WBxx_HAL_Driver/Src/stm32wbxx_hal_tim_ex.o"
arm-none-eabi-gcc -mcpu=cortex-m4 -g3 -DDEBUG -c -x assembler-with-cpp -MMD -MP -MF"Core/Startup/startup_stm32wb55rcvx.d" -MT"Core/Startup/startup_stm32wb55rcvx.o" --specs=nano.specs -mfpu=fpv4-sp-d16 -mfloat-abi=hard -mthumb -o "Core/Startup/startup_stm32wb55rcvx.o" "../Core/Startup/startup_stm32wb55rcvx.s"
arm-none-eabi-gcc "../Core/Src/main.c" -mcpu=cortex-m4 -std=gnu11 -g3 -DDEBUG -DUSE_HAL_DRIVER -DSTM32WB55xx -c -I../Core/Inc -I../Drivers/STM32WBxx_HAL_Driver/Inc -I../Drivers/STM32WBxx_HAL_Driver/Inc/Legacy -I../Drivers/CMSIS/Device/ST/STM32WBxx/Include -I../Drivers/CMSIS/Include -O0 -ffunction-sections -fdata-sections -Wall -fstack-usage -MMD -MP -MF"Core/Src/main.d" -MT"Core/Src/main.o" --specs=nano.specs -mfpu=fpv4-sp-d16 -mfloat-abi=hard -mthumb -o "Core/Src/main.o"
arm-none-eabi-gcc "../Core/Src/stm32wbxx_hal_msp.c" -mcpu=cortex-m4 -std=gnu11 -g3 -DDEBUG -DUSE_HAL_DRIVER -DSTM32WB55xx -c -I../Core/Inc -I../Drivers/STM32WBxx_HAL_Driver/Inc -I../Drivers/STM32WBxx_HAL_Driver/Inc/Legacy -I../Drivers/CMSIS/Device/ST/STM32WBxx/Include -I../Drivers/CMSIS/Include -O0 -ffunction-sections -fdata-sections -Wall -fstack-usage -MMD -MP -MF"Core/Src/stm32wbxx_hal_msp.d" -MT"Core/Src/stm32wbxx_hal_msp.o" --specs=nano.specs -mfpu=fpv4-sp-d16 -mfloat-abi=hard -mthumb -o "Core/Src/stm32wbxx_hal_msp.o"
arm-none-eabi-gcc "../Core/Src/stm32wbxx_it.c" -mcpu=cortex-m4 -std=gnu11 -g3 -DDEBUG -DUSE_HAL_DRIVER -DSTM32WB55xx -c -I../Core/Inc -I../Drivers/STM32WBxx_HAL_Driver/Inc -I../Drivers/STM32WBxx_HAL_Driver/Inc/Legacy -I../Drivers/CMSIS/Device/ST/STM32WBxx/Include -I../Drivers/CMSIS/Include -O0 -ffunction-sections -fdata-sections -Wall -fstack-usage -MMD -MP -MF"Core/Src/stm32wbxx_it.d" -MT"Core/Src/stm32wbxx_it.o" --specs=nano.specs -mfpu=fpv4-sp-d16 -mfloat-abi=hard -mthumb -o "Core/Src/stm32wbxx_it.o"
arm-none-eabi-gcc "../Core/Src/syscalls.c" -mcpu=cortex-m4 -std=gnu11 -g3 -DDEBUG -DUSE_HAL_DRIVER -DSTM32WB55xx -c -I../Core/Inc -I../Drivers/STM32WBxx_HAL_Driver/Inc -I../Drivers/STM32WBxx_HAL_Driver/Inc/Legacy -I../Drivers/CMSIS/Device/ST/STM32WBxx/Include -I../Drivers/CMSIS/Include -O0 -ffunction-sections -fdata-sections -Wall -fstack-usage -MMD -MP -MF"Core/Src/syscalls.d" -MT"Core/Src/syscalls.o" --specs=nano.specs -mfpu=fpv4-sp-d16 -mfloat-abi=hard -mthumb -o "Core/Src/syscalls.o"
arm-none-eabi-gcc "../Core/Src/sysmem.c" -mcpu=cortex-m4 -std=gnu11 -g3 -DDEBUG -DUSE_HAL_DRIVER -DSTM32WB55xx -c -I../Core/Inc -I../Drivers/STM32WBxx_HAL_Driver/Inc -I../Drivers/STM32WBxx_HAL_Driver/Inc/Legacy -I../Drivers/CMSIS/Device/ST/STM32WBxx/Include -I../Drivers/CMSIS/Include -O0 -ffunction-sections -fdata-sections -Wall -fstack-usage -MMD -MP -MF"Core/Src/sysmem.d" -MT"Core/Src/sysmem.o" --specs=nano.specs -mfpu=fpv4-sp-d16 -mfloat-abi=hard -mthumb -o "Core/Src/sysmem.o"
arm-none-eabi-gcc "../Core/Src/system_stm32wbxx.c" -mcpu=cortex-m4 -std=gnu11 -g3 -DDEBUG -DUSE_HAL_DRIVER -DSTM32WB55xx -c -I../Core/Inc -I../Drivers/STM32WBxx_HAL_Driver/Inc -I../Drivers/STM32WBxx_HAL_Driver/Inc/Legacy -I../Drivers/CMSIS/Device/ST/STM32WBxx/Include -I../Drivers/CMSIS/Include -O0 -ffunction-sections -fdata-sections -Wall -fstack-usage -MMD -MP -MF"Core/Src/system_stm32wbxx.d" -MT"Core/Src/system_stm32wbxx.o" --specs=nano.specs -mfpu=fpv4-sp-d16 -mfloat-abi=hard -mthumb -o "Core/Src/system_stm32wbxx.o"
arm-none-eabi-gcc -o "fowl.elf" @"objects.list"   -mcpu=cortex-m4 -T"C:\Users\sogonov\STM32CubeIDE\workspace_fowl\fowl\STM32WB55RCVX_FLASH.ld" --specs=nosys.specs -Wl,-Map="fowl.map" -Wl,--gc-sections -static --specs=nano.specs -mfpu=fpv4-sp-d16 -mfloat-abi=hard -mthumb -Wl,--start-group -lc -lm -Wl,--end-group
Finished building target: fowl.elf
 
arm-none-eabi-size   fowl.elf 
arm-none-eabi-objdump -h -S  fowl.elf  > "fowl.list"
   text	   data	    bss	    dec	    hex	filename
  12008	     24	   1676	  13708	   358c	fowl.elf
Finished building: default.size.stdout
 
Finished building: fowl.list
 
23:59:36 **** Incremental Build of configuration Debug for project fowl ****
make -j8 all 
arm-none-eabi-gcc "../Drivers/STM32WBxx_HAL_Driver/Src/stm32wbxx_hal.c" -mcpu=cortex-m4 -std=gnu11 -g3 -DDEBUG -DUSE_HAL_DRIVER -DSTM32WB55xx -c -I../Core/Inc -I../Drivers/STM32WBxx_HAL_Driver/Inc -I../Drivers/STM32WBxx_HAL_Driver/Inc/Legacy -I../Drivers/CMSIS/Device/ST/STM32WBxx/Include -I../Drivers/CMSIS/Include -O0 -ffunction-sections -fdata-sections -Wall -fstack-usage -MMD -MP -MF"Drivers/STM32WBxx_HAL_Driver/Src/stm32wbxx_hal.d" -MT"Drivers/STM32WBxx_HAL_Driver/Src/stm32wbxx_hal.o" --specs=nano.specs -mfpu=fpv4-sp-d16 -mfloat-abi=hard -mthumb -o "Drivers/STM32WBxx_HAL_Driver/Src/stm32wbxx_hal.o"
arm-none-eabi-gcc "../Drivers/STM32WBxx_HAL_Driver/Src/stm32wbxx_hal_cortex.c" -mcpu=cortex-m4 -std=gnu11 -g3 -DDEBUG -DUSE_HAL_DRIVER -DSTM32WB55xx -c -I../Core/Inc -I../Drivers/STM32WBxx_HAL_Driver/Inc -I../Drivers/STM32WBxx_HAL_Driver/Inc/Legacy -I../Drivers/CMSIS/Device/ST/STM32WBxx/Include -I../Drivers/CMSIS/Include -O0 -ffunction-sections -fdata-sections -Wall -fstack-usage -MMD -MP -MF"Drivers/STM32WBxx_HAL_Driver/Src/stm32wbxx_hal_cortex.d" -MT"Drivers/STM32WBxx_HAL_Driver/Src/stm32wbxx_hal_cortex.o" --specs=nano.specs -mfpu=fpv4-sp-d16 -mfloat-abi=hard -mthumb -o "Drivers/STM32WBxx_HAL_Driver/Src/stm32wbxx_hal_cortex.o"
arm-none-eabi-gcc "../Drivers/STM32WBxx_HAL_Driver/Src/stm32wbxx_hal_dma.c" -mcpu=cortex-m4 -std=gnu11 -g3 -DDEBUG -DUSE_HAL_DRIVER -DSTM32WB55xx -c -I../Core/Inc -I../Drivers/STM32WBxx_HAL_Driver/Inc -I../Drivers/STM32WBxx_HAL_Driver/Inc/Legacy -I../Drivers/CMSIS/Device/ST/STM32WBxx/Include -I../Drivers/CMSIS/Include -O0 -ffunction-sections -fdata-sections -Wall -fstack-usage -MMD -MP -MF"Drivers/STM32WBxx_HAL_Driver/Src/stm32wbxx_hal_dma.d" -MT"Drivers/STM32WBxx_HAL_Driver/Src/stm32wbxx_hal_dma.o" --specs=nano.specs -mfpu=fpv4-sp-d16 -mfloat-abi=hard -mthumb -o "Drivers/STM32WBxx_HAL_Driver/Src/stm32wbxx_hal_dma.o"
arm-none-eabi-gcc "../Drivers/STM32WBxx_HAL_Driver/Src/stm32wbxx_hal_dma_ex.c" -mcpu=cortex-m4 -std=gnu11 -g3 -DDEBUG -DUSE_HAL_DRIVER -DSTM32WB55xx -c -I../Core/Inc -I../Drivers/STM32WBxx_HAL_Driver/Inc -I../Drivers/STM32WBxx_HAL_Driver/Inc/Legacy -I../Drivers/CMSIS/Device/ST/STM32WBxx/Include -I../Drivers/CMSIS/Include -O0 -ffunction-sections -fdata-sections -Wall -fstack-usage -MMD -MP -MF"Drivers/STM32WBxx_HAL_Driver/Src/stm32wbxx_hal_dma_ex.d" -MT"Drivers/STM32WBxx_HAL_Driver/Src/stm32wbxx_hal_dma_ex.o" --specs=nano.specs -mfpu=fpv4-sp-d16 -mfloat-abi=hard -mthumb -o "Drivers/STM32WBxx_HAL_Driver/Src/stm32wbxx_hal_dma_ex.o"
arm-none-eabi-gcc "../Drivers/STM32WBxx_HAL_Driver/Src/stm32wbxx_hal_exti.c" -mcpu=cortex-m4 -std=gnu11 -g3 -DDEBUG -DUSE_HAL_DRIVER -DSTM32WB55xx -c -I../Core/Inc -I../Drivers/STM32WBxx_HAL_Driver/Inc -I../Drivers/STM32WBxx_HAL_Driver/Inc/Legacy -I../Drivers/CMSIS/Device/ST/STM32WBxx/Include -I../Drivers/CMSIS/Include -O0 -ffunction-sections -fdata-sections -Wall -fstack-usage -MMD -MP -MF"Drivers/STM32WBxx_HAL_Driver/Src/stm32wbxx_hal_exti.d" -MT"Drivers/STM32WBxx_HAL_Driver/Src/stm32wbxx_hal_exti.o" --specs=nano.specs -mfpu=fpv4-sp-d16 -mfloat-abi=hard -mthumb -o "Drivers/STM32WBxx_HAL_Driver/Src/stm32wbxx_hal_exti.o"
arm-none-eabi-gcc "../Drivers/STM32WBxx_HAL_Driver/Src/stm32wbxx_hal_flash.c" -mcpu=cortex-m4 -std=gnu11 -g3 -DDEBUG -DUSE_HAL_DRIVER -DSTM32WB55xx -c -I../Core/Inc -I../Drivers/STM32WBxx_HAL_Driver/Inc -I../Drivers/STM32WBxx_HAL_Driver/Inc/Legacy -I../Drivers/CMSIS/Device/ST/STM32WBxx/Include -I../Drivers/CMSIS/Include -O0 -ffunction-sections -fdata-sections -Wall -fstack-usage -MMD -MP -MF"Drivers/STM32WBxx_HAL_Driver/Src/stm32wbxx_hal_flash.d" -MT"Drivers/STM32WBxx_HAL_Driver/Src/stm32wbxx_hal_flash.o" --specs=nano.specs -mfpu=fpv4-sp-d16 -mfloat-abi=hard -mthumb -o "Drivers/STM32WBxx_HAL_Driver/Src/stm32wbxx_hal_flash.o"
arm-none-eabi-gcc "../Drivers/STM32WBxx_HAL_Driver/Src/stm32wbxx_hal_flash_ex.c" -mcpu=cortex-m4 -std=gnu11 -g3 -DDEBUG -DUSE_HAL_DRIVER -DSTM32WB55xx -c -I../Core/Inc -I../Drivers/STM32WBxx_HAL_Driver/Inc -I../Drivers/STM32WBxx_HAL_Driver/Inc/Legacy -I../Drivers/CMSIS/Device/ST/STM32WBxx/Include -I../Drivers/CMSIS/Include -O0 -ffunction-sections -fdata-sections -Wall -fstack-usage -MMD -MP -MF"Drivers/STM32WBxx_HAL_Driver/Src/stm32wbxx_hal_flash_ex.d" -MT"Drivers/STM32WBxx_HAL_Driver/Src/stm32wbxx_hal_flash_ex.o" --specs=nano.specs -mfpu=fpv4-sp-d16 -mfloat-abi=hard -mthumb -o "Drivers/STM32WBxx_HAL_Driver/Src/stm32wbxx_hal_flash_ex.o"
arm-none-eabi-gcc "../Drivers/STM32WBxx_HAL_Driver/Src/stm32wbxx_hal_gpio.c" -mcpu=cortex-m4 -std=gnu11 -g3 -DDEBUG -DUSE_HAL_DRIVER -DSTM32WB55xx -c -I../Core/Inc -I../Drivers/STM32WBxx_HAL_Driver/Inc -I../Drivers/STM32WBxx_HAL_Driver/Inc/Legacy -I../Drivers/CMSIS/Device/ST/STM32WBxx/Include -I../Drivers/CMSIS/Include -O0 -ffunction-sections -fdata-sections -Wall -fstack-usage -MMD -MP -MF"Drivers/STM32WBxx_HAL_Driver/Src/stm32wbxx_hal_gpio.d" -MT"Drivers/STM32WBxx_HAL_Driver/Src/stm32wbxx_hal_gpio.o" --specs=nano.specs -mfpu=fpv4-sp-d16 -mfloat-abi=hard -mthumb -o "Drivers/STM32WBxx_HAL_Driver/Src/stm32wbxx_hal_gpio.o"
arm-none-eabi-gcc "../Drivers/STM32WBxx_HAL_Driver/Src/stm32wbxx_hal_hsem.c" -mcpu=cortex-m4 -std=gnu11 -g3 -DDEBUG -DUSE_HAL_DRIVER -DSTM32WB55xx -c -I../Core/Inc -I../Drivers/STM32WBxx_HAL_Driver/Inc -I../Drivers/STM32WBxx_HAL_Driver/Inc/Legacy -I../Drivers/CMSIS/Device/ST/STM32WBxx/Include -I../Drivers/CMSIS/Include -O0 -ffunction-sections -fdata-sections -Wall -fstack-usage -MMD -MP -MF"Drivers/STM32WBxx_HAL_Driver/Src/stm32wbxx_hal_hsem.d" -MT"Drivers/STM32WBxx_HAL_Driver/Src/stm32wbxx_hal_hsem.o" --specs=nano.specs -mfpu=fpv4-sp-d16 -mfloat-abi=hard -mthumb -o "Drivers/STM32WBxx_HAL_Driver/Src/stm32wbxx_hal_hsem.o"
arm-none-eabi-gcc "../Drivers/STM32WBxx_HAL_Driver/Src/stm32wbxx_hal_pwr.c" -mcpu=cortex-m4 -std=gnu11 -g3 -DDEBUG -DUSE_HAL_DRIVER -DSTM32WB55xx -c -I../Core/Inc -I../Drivers/STM32WBxx_HAL_Driver/Inc -I../Drivers/STM32WBxx_HAL_Driver/Inc/Legacy -I../Drivers/CMSIS/Device/ST/STM32WBxx/Include -I../Drivers/CMSIS/Include -O0 -ffunction-sections -fdata-sections -Wall -fstack-usage -MMD -MP -MF"Drivers/STM32WBxx_HAL_Driver/Src/stm32wbxx_hal_pwr.d" -MT"Drivers/STM32WBxx_HAL_Driver/Src/stm32wbxx_hal_pwr.o" --specs=nano.specs -mfpu=fpv4-sp-d16 -mfloat-abi=hard -mthumb -o "Drivers/STM32WBxx_HAL_Driver/Src/stm32wbxx_hal_pwr.o"
arm-none-eabi-gcc "../Drivers/STM32WBxx_HAL_Driver/Src/stm32wbxx_hal_pwr_ex.c" -mcpu=cortex-m4 -std=gnu11 -g3 -DDEBUG -DUSE_HAL_DRIVER -DSTM32WB55xx -c -I../Core/Inc -I../Drivers/STM32WBxx_HAL_Driver/Inc -I../Drivers/STM32WBxx_HAL_Driver/Inc/Legacy -I../Drivers/CMSIS/Device/ST/STM32WBxx/Include -I../Drivers/CMSIS/Include -O0 -ffunction-sections -fdata-sections -Wall -fstack-usage -MMD -MP -MF"Drivers/STM32WBxx_HAL_Driver/Src/stm32wbxx_hal_pwr_ex.d" -MT"Drivers/STM32WBxx_HAL_Driver/Src/stm32wbxx_hal_pwr_ex.o" --specs=nano.specs -mfpu=fpv4-sp-d16 -mfloat-abi=hard -mthumb -o "Drivers/STM32WBxx_HAL_Driver/Src/stm32wbxx_hal_pwr_ex.o"
arm-none-eabi-gcc "../Drivers/STM32WBxx_HAL_Driver/Src/stm32wbxx_hal_rcc.c" -mcpu=cortex-m4 -std=gnu11 -g3 -DDEBUG -DUSE_HAL_DRIVER -DSTM32WB55xx -c -I../Core/Inc -I../Drivers/STM32WBxx_HAL_Driver/Inc -I../Drivers/STM32WBxx_HAL_Driver/Inc/Legacy -I../Drivers/CMSIS/Device/ST/STM32WBxx/Include -I../Drivers/CMSIS/Include -O0 -ffunction-sections -fdata-sections -Wall -fstack-usage -MMD -MP -MF"Drivers/STM32WBxx_HAL_Driver/Src/stm32wbxx_hal_rcc.d" -MT"Drivers/STM32WBxx_HAL_Driver/Src/stm32wbxx_hal_rcc.o" --specs=nano.specs -mfpu=fpv4-sp-d16 -mfloat-abi=hard -mthumb -o "Drivers/STM32WBxx_HAL_Driver/Src/stm32wbxx_hal_rcc.o"
arm-none-eabi-gcc "../Drivers/STM32WBxx_HAL_Driver/Src/stm32wbxx_hal_rcc_ex.c" -mcpu=cortex-m4 -std=gnu11 -g3 -DDEBUG -DUSE_HAL_DRIVER -DSTM32WB55xx -c -I../Core/Inc -I../Drivers/STM32WBxx_HAL_Driver/Inc -I../Drivers/STM32WBxx_HAL_Driver/Inc/Legacy -I../Drivers/CMSIS/Device/ST/STM32WBxx/Include -I../Drivers/CMSIS/Include -O0 -ffunction-sections -fdata-sections -Wall -fstack-usage -MMD -MP -MF"Drivers/STM32WBxx_HAL_Driver/Src/stm32wbxx_hal_rcc_ex.d" -MT"Drivers/STM32WBxx_HAL_Driver/Src/stm32wbxx_hal_rcc_ex.o" --specs=nano.specs -mfpu=fpv4-sp-d16 -mfloat-abi=hard -mthumb -o "Drivers/STM32WBxx_HAL_Driver/Src/stm32wbxx_hal_rcc_ex.o"
arm-none-eabi-gcc "../Drivers/STM32WBxx_HAL_Driver/Src/stm32wbxx_hal_spi.c" -mcpu=cortex-m4 -std=gnu11 -g3 -DDEBUG -DUSE_HAL_DRIVER -DSTM32WB55xx -c -I../Core/Inc -I../Drivers/STM32WBxx_HAL_Driver/Inc -I../Drivers/STM32WBxx_HAL_Driver/Inc/Legacy -I../Drivers/CMSIS/Device/ST/STM32WBxx/Include -I../Drivers/CMSIS/Include -O0 -ffunction-sections -fdata-sections -Wall -fstack-usage -MMD -MP -MF"Drivers/STM32WBxx_HAL_Driver/Src/stm32wbxx_hal_spi.d" -MT"Drivers/STM32WBxx_HAL_Driver/Src/stm32wbxx_hal_spi.o" --specs=nano.specs -mfpu=fpv4-sp-d16 -mfloat-abi=hard -mthumb -o "Drivers/STM32WBxx_HAL_Driver/Src/stm32wbxx_hal_spi.o"
arm-none-eabi-gcc "../Drivers/STM32WBxx_HAL_Driver/Src/stm32wbxx_hal_spi_ex.c" -mcpu=cortex-m4 -std=gnu11 -g3 -DDEBUG -DUSE_HAL_DRIVER -DSTM32WB55xx -c -I../Core/Inc -I../Drivers/STM32WBxx_HAL_Driver/Inc -I../Drivers/STM32WBxx_HAL_Driver/Inc/Legacy -I../Drivers/CMSIS/Device/ST/STM32WBxx/Include -I../Drivers/CMSIS/Include -O0 -ffunction-sections -fdata-sections -Wall -fstack-usage -MMD -MP -MF"Drivers/STM32WBxx_HAL_Driver/Src/stm32wbxx_hal_spi_ex.d" -MT"Drivers/STM32WBxx_HAL_Driver/Src/stm32wbxx_hal_spi_ex.o" --specs=nano.specs -mfpu=fpv4-sp-d16 -mfloat-abi=hard -mthumb -o "Drivers/STM32WBxx_HAL_Driver/Src/stm32wbxx_hal_spi_ex.o"
arm-none-eabi-gcc "../Drivers/STM32WBxx_HAL_Driver/Src/stm32wbxx_hal_tim.c" -mcpu=cortex-m4 -std=gnu11 -g3 -DDEBUG -DUSE_HAL_DRIVER -DSTM32WB55xx -c -I../Core/Inc -I../Drivers/STM32WBxx_HAL_Driver/Inc -I../Drivers/STM32WBxx_HAL_Driver/Inc/Legacy -I../Drivers/CMSIS/Device/ST/STM32WBxx/Include -I../Drivers/CMSIS/Include -O0 -ffunction-sections -fdata-sections -Wall -fstack-usage -MMD -MP -MF"Drivers/STM32WBxx_HAL_Driver/Src/stm32wbxx_hal_tim.d" -MT"Drivers/STM32WBxx_HAL_Driver/Src/stm32wbxx_hal_tim.o" --specs=nano.specs -mfpu=fpv4-sp-d16 -mfloat-abi=hard -mthumb -o "Drivers/STM32WBxx_HAL_Driver/Src/stm32wbxx_hal_tim.o"
arm-none-eabi-gcc "../Drivers/STM32WBxx_HAL_Driver/Src/stm32wbxx_hal_tim_ex.c" -mcpu=cortex-m4 -std=gnu11 -g3 -DDEBUG -DUSE_HAL_DRIVER -DSTM32WB55xx -c -I../Core/Inc -I../Drivers/STM32WBxx_HAL_Driver/Inc -I../Drivers/STM32WBxx_HAL_Driver/Inc/Legacy -I../Drivers/CMSIS/Device/ST/STM32WBxx/Include -I../Drivers/CMSIS/Include -O0 -ffunction-sections -fdata-sections -Wall -fstack-usage -MMD -MP -MF"Drivers/STM32WBxx_HAL_Driver/Src/stm32wbxx_hal_tim_ex.d" -MT"Drivers/STM32WBxx_HAL_Driver/Src/stm32wbxx_hal_tim_ex.o" --specs=nano.specs -mfpu=fpv4-sp-d16 -mfloat-abi=hard -mthumb -o "Drivers/STM32WBxx_HAL_Driver/Src/stm32wbxx_hal_tim_ex.o"
arm-none-eabi-gcc "../Core/Src/main.c" -mcpu=cortex-m4 -std=gnu11 -g3 -DDEBUG -DUSE_HAL_DRIVER -DSTM32WB55xx -c -I../Core/Inc -I../Drivers/STM32WBxx_HAL_Driver/Inc -I../Drivers/STM32WBxx_HAL_Driver/Inc/Legacy -I../Drivers/CMSIS/Device/ST/STM32WBxx/Include -I../Drivers/CMSIS/Include -O0 -ffunction-sections -fdata-sections -Wall -fstack-usage -MMD -MP -MF"Core/Src/main.d" -MT"Core/Src/main.o" --specs=nano.specs -mfpu=fpv4-sp-d16 -mfloat-abi=hard -mthumb -o "Core/Src/main.o"
arm-none-eabi-gcc "../Core/Src/stm32wbxx_hal_msp.c" -mcpu=cortex-m4 -std=gnu11 -g3 -DDEBUG -DUSE_HAL_DRIVER -DSTM32WB55xx -c -I../Core/Inc -I../Drivers/STM32WBxx_HAL_Driver/Inc -I../Drivers/STM32WBxx_HAL_Driver/Inc/Legacy -I../Drivers/CMSIS/Device/ST/STM32WBxx/Include -I../Drivers/CMSIS/Include -O0 -ffunction-sections -fdata-sections -Wall -fstack-usage -MMD -MP -MF"Core/Src/stm32wbxx_hal_msp.d" -MT"Core/Src/stm32wbxx_hal_msp.o" --specs=nano.specs -mfpu=fpv4-sp-d16 -mfloat-abi=hard -mthumb -o "Core/Src/stm32wbxx_hal_msp.o"
arm-none-eabi-gcc "../Core/Src/stm32wbxx_it.c" -mcpu=cortex-m4 -std=gnu11 -g3 -DDEBUG -DUSE_HAL_DRIVER -DSTM32WB55xx -c -I../Core/Inc -I../Drivers/STM32WBxx_HAL_Driver/Inc -I../Drivers/STM32WBxx_HAL_Driver/Inc/Legacy -I../Drivers/CMSIS/Device/ST/STM32WBxx/Include -I../Drivers/CMSIS/Include -O0 -ffunction-sections -fdata-sections -Wall -fstack-usage -MMD -MP -MF"Core/Src/stm32wbxx_it.d" -MT"Core/Src/stm32wbxx_it.o" --specs=nano.specs -mfpu=fpv4-sp-d16 -mfloat-abi=hard -mthumb -o "Core/Src/stm32wbxx_it.o"
arm-none-eabi-gcc "../Core/Src/system_stm32wbxx.c" -mcpu=cortex-m4 -std=gnu11 -g3 -DDEBUG -DUSE_HAL_DRIVER -DSTM32WB55xx -c -I../Core/Inc -I../Drivers/STM32WBxx_HAL_Driver/Inc -I../Drivers/STM32WBxx_HAL_Driver/Inc/Legacy -I../Drivers/CMSIS/Device/ST/STM32WBxx/Include -I../Drivers/CMSIS/Include -O0 -ffunction-sections -fdata-sections -Wall -fstack-usage -MMD -MP -MF"Core/Src/system_stm32wbxx.d" -MT"Core/Src/system_stm32wbxx.o" --specs=nano.specs -mfpu=fpv4-sp-d16 -mfloat-abi=hard -mthumb -o "Core/Src/system_stm32wbxx.o"
arm-none-eabi-gcc -o "fowl.elf" @"objects.list"   -mcpu=cortex-m4 -T"C:\Users\sogonov\STM32CubeIDE\workspace_fowl\fowl\STM32WB55RCVX_FLASH.ld" --specs=nosys.specs -Wl,-Map="fowl.map" -Wl,--gc-sections -static --specs=nano.specs -mfpu=fpv4-sp-d16 -mfloat-abi=hard -mthumb -Wl,--start-group -lc -lm -Wl,--end-group
Finished building target: fowl.elf
 
arm-none-eabi-size   fowl.elf 
arm-none-eabi-objdump -h -S  fowl.elf  > "fowl.list"
   text	   data	    bss	    dec	    hex	filename
  12032	     24	   1676	  13732	   35a4	fowl.elf
Finished building: default.size.stdout
 
Finished building: fowl.list
 
15:56:47 **** Build of configuration Debug for project fowl ****
make -j8 all 
arm-none-eabi-gcc "../Drivers/STM32WBxx_HAL_Driver/Src/stm32wbxx_hal.c" -mcpu=cortex-m4 -std=gnu11 -g3 -DDEBUG -DUSE_HAL_DRIVER -DSTM32WB55xx -c -I../Core/Inc -I../Drivers/STM32WBxx_HAL_Driver/Inc -I../Drivers/STM32WBxx_HAL_Driver/Inc/Legacy -I../Drivers/CMSIS/Device/ST/STM32WBxx/Include -I../Drivers/CMSIS/Include -O0 -ffunction-sections -fdata-sections -Wall -fstack-usage -MMD -MP -MF"Drivers/STM32WBxx_HAL_Driver/Src/stm32wbxx_hal.d" -MT"Drivers/STM32WBxx_HAL_Driver/Src/stm32wbxx_hal.o" --specs=nano.specs -mfpu=fpv4-sp-d16 -mfloat-abi=hard -mthumb -o "Drivers/STM32WBxx_HAL_Driver/Src/stm32wbxx_hal.o"
arm-none-eabi-gcc "../Drivers/STM32WBxx_HAL_Driver/Src/stm32wbxx_hal_cortex.c" -mcpu=cortex-m4 -std=gnu11 -g3 -DDEBUG -DUSE_HAL_DRIVER -DSTM32WB55xx -c -I../Core/Inc -I../Drivers/STM32WBxx_HAL_Driver/Inc -I../Drivers/STM32WBxx_HAL_Driver/Inc/Legacy -I../Drivers/CMSIS/Device/ST/STM32WBxx/Include -I../Drivers/CMSIS/Include -O0 -ffunction-sections -fdata-sections -Wall -fstack-usage -MMD -MP -MF"Drivers/STM32WBxx_HAL_Driver/Src/stm32wbxx_hal_cortex.d" -MT"Drivers/STM32WBxx_HAL_Driver/Src/stm32wbxx_hal_cortex.o" --specs=nano.specs -mfpu=fpv4-sp-d16 -mfloat-abi=hard -mthumb -o "Drivers/STM32WBxx_HAL_Driver/Src/stm32wbxx_hal_cortex.o"
arm-none-eabi-gcc "../Drivers/STM32WBxx_HAL_Driver/Src/stm32wbxx_hal_dma.c" -mcpu=cortex-m4 -std=gnu11 -g3 -DDEBUG -DUSE_HAL_DRIVER -DSTM32WB55xx -c -I../Core/Inc -I../Drivers/STM32WBxx_HAL_Driver/Inc -I../Drivers/STM32WBxx_HAL_Driver/Inc/Legacy -I../Drivers/CMSIS/Device/ST/STM32WBxx/Include -I../Drivers/CMSIS/Include -O0 -ffunction-sections -fdata-sections -Wall -fstack-usage -MMD -MP -MF"Drivers/STM32WBxx_HAL_Driver/Src/stm32wbxx_hal_dma.d" -MT"Drivers/STM32WBxx_HAL_Driver/Src/stm32wbxx_hal_dma.o" --specs=nano.specs -mfpu=fpv4-sp-d16 -mfloat-abi=hard -mthumb -o "Drivers/STM32WBxx_HAL_Driver/Src/stm32wbxx_hal_dma.o"
arm-none-eabi-gcc "../Drivers/STM32WBxx_HAL_Driver/Src/stm32wbxx_hal_dma_ex.c" -mcpu=cortex-m4 -std=gnu11 -g3 -DDEBUG -DUSE_HAL_DRIVER -DSTM32WB55xx -c -I../Core/Inc -I../Drivers/STM32WBxx_HAL_Driver/Inc -I../Drivers/STM32WBxx_HAL_Driver/Inc/Legacy -I../Drivers/CMSIS/Device/ST/STM32WBxx/Include -I../Drivers/CMSIS/Include -O0 -ffunction-sections -fdata-sections -Wall -fstack-usage -MMD -MP -MF"Drivers/STM32WBxx_HAL_Driver/Src/stm32wbxx_hal_dma_ex.d" -MT"Drivers/STM32WBxx_HAL_Driver/Src/stm32wbxx_hal_dma_ex.o" --specs=nano.specs -mfpu=fpv4-sp-d16 -mfloat-abi=hard -mthumb -o "Drivers/STM32WBxx_HAL_Driver/Src/stm32wbxx_hal_dma_ex.o"
arm-none-eabi-gcc "../Drivers/STM32WBxx_HAL_Driver/Src/stm32wbxx_hal_exti.c" -mcpu=cortex-m4 -std=gnu11 -g3 -DDEBUG -DUSE_HAL_DRIVER -DSTM32WB55xx -c -I../Core/Inc -I../Drivers/STM32WBxx_HAL_Driver/Inc -I../Drivers/STM32WBxx_HAL_Driver/Inc/Legacy -I../Drivers/CMSIS/Device/ST/STM32WBxx/Include -I../Drivers/CMSIS/Include -O0 -ffunction-sections -fdata-sections -Wall -fstack-usage -MMD -MP -MF"Drivers/STM32WBxx_HAL_Driver/Src/stm32wbxx_hal_exti.d" -MT"Drivers/STM32WBxx_HAL_Driver/Src/stm32wbxx_hal_exti.o" --specs=nano.specs -mfpu=fpv4-sp-d16 -mfloat-abi=hard -mthumb -o "Drivers/STM32WBxx_HAL_Driver/Src/stm32wbxx_hal_exti.o"
arm-none-eabi-gcc "../Drivers/STM32WBxx_HAL_Driver/Src/stm32wbxx_hal_flash.c" -mcpu=cortex-m4 -std=gnu11 -g3 -DDEBUG -DUSE_HAL_DRIVER -DSTM32WB55xx -c -I../Core/Inc -I../Drivers/STM32WBxx_HAL_Driver/Inc -I../Drivers/STM32WBxx_HAL_Driver/Inc/Legacy -I../Drivers/CMSIS/Device/ST/STM32WBxx/Include -I../Drivers/CMSIS/Include -O0 -ffunction-sections -fdata-sections -Wall -fstack-usage -MMD -MP -MF"Drivers/STM32WBxx_HAL_Driver/Src/stm32wbxx_hal_flash.d" -MT"Drivers/STM32WBxx_HAL_Driver/Src/stm32wbxx_hal_flash.o" --specs=nano.specs -mfpu=fpv4-sp-d16 -mfloat-abi=hard -mthumb -o "Drivers/STM32WBxx_HAL_Driver/Src/stm32wbxx_hal_flash.o"
arm-none-eabi-gcc "../Drivers/STM32WBxx_HAL_Driver/Src/stm32wbxx_hal_flash_ex.c" -mcpu=cortex-m4 -std=gnu11 -g3 -DDEBUG -DUSE_HAL_DRIVER -DSTM32WB55xx -c -I../Core/Inc -I../Drivers/STM32WBxx_HAL_Driver/Inc -I../Drivers/STM32WBxx_HAL_Driver/Inc/Legacy -I../Drivers/CMSIS/Device/ST/STM32WBxx/Include -I../Drivers/CMSIS/Include -O0 -ffunction-sections -fdata-sections -Wall -fstack-usage -MMD -MP -MF"Drivers/STM32WBxx_HAL_Driver/Src/stm32wbxx_hal_flash_ex.d" -MT"Drivers/STM32WBxx_HAL_Driver/Src/stm32wbxx_hal_flash_ex.o" --specs=nano.specs -mfpu=fpv4-sp-d16 -mfloat-abi=hard -mthumb -o "Drivers/STM32WBxx_HAL_Driver/Src/stm32wbxx_hal_flash_ex.o"
arm-none-eabi-gcc "../Drivers/STM32WBxx_HAL_Driver/Src/stm32wbxx_hal_gpio.c" -mcpu=cortex-m4 -std=gnu11 -g3 -DDEBUG -DUSE_HAL_DRIVER -DSTM32WB55xx -c -I../Core/Inc -I../Drivers/STM32WBxx_HAL_Driver/Inc -I../Drivers/STM32WBxx_HAL_Driver/Inc/Legacy -I../Drivers/CMSIS/Device/ST/STM32WBxx/Include -I../Drivers/CMSIS/Include -O0 -ffunction-sections -fdata-sections -Wall -fstack-usage -MMD -MP -MF"Drivers/STM32WBxx_HAL_Driver/Src/stm32wbxx_hal_gpio.d" -MT"Drivers/STM32WBxx_HAL_Driver/Src/stm32wbxx_hal_gpio.o" --specs=nano.specs -mfpu=fpv4-sp-d16 -mfloat-abi=hard -mthumb -o "Drivers/STM32WBxx_HAL_Driver/Src/stm32wbxx_hal_gpio.o"
arm-none-eabi-gcc "../Drivers/STM32WBxx_HAL_Driver/Src/stm32wbxx_hal_hsem.c" -mcpu=cortex-m4 -std=gnu11 -g3 -DDEBUG -DUSE_HAL_DRIVER -DSTM32WB55xx -c -I../Core/Inc -I../Drivers/STM32WBxx_HAL_Driver/Inc -I../Drivers/STM32WBxx_HAL_Driver/Inc/Legacy -I../Drivers/CMSIS/Device/ST/STM32WBxx/Include -I../Drivers/CMSIS/Include -O0 -ffunction-sections -fdata-sections -Wall -fstack-usage -MMD -MP -MF"Drivers/STM32WBxx_HAL_Driver/Src/stm32wbxx_hal_hsem.d" -MT"Drivers/STM32WBxx_HAL_Driver/Src/stm32wbxx_hal_hsem.o" --specs=nano.specs -mfpu=fpv4-sp-d16 -mfloat-abi=hard -mthumb -o "Drivers/STM32WBxx_HAL_Driver/Src/stm32wbxx_hal_hsem.o"
arm-none-eabi-gcc "../Drivers/STM32WBxx_HAL_Driver/Src/stm32wbxx_hal_pwr.c" -mcpu=cortex-m4 -std=gnu11 -g3 -DDEBUG -DUSE_HAL_DRIVER -DSTM32WB55xx -c -I../Core/Inc -I../Drivers/STM32WBxx_HAL_Driver/Inc -I../Drivers/STM32WBxx_HAL_Driver/Inc/Legacy -I../Drivers/CMSIS/Device/ST/STM32WBxx/Include -I../Drivers/CMSIS/Include -O0 -ffunction-sections -fdata-sections -Wall -fstack-usage -MMD -MP -MF"Drivers/STM32WBxx_HAL_Driver/Src/stm32wbxx_hal_pwr.d" -MT"Drivers/STM32WBxx_HAL_Driver/Src/stm32wbxx_hal_pwr.o" --specs=nano.specs -mfpu=fpv4-sp-d16 -mfloat-abi=hard -mthumb -o "Drivers/STM32WBxx_HAL_Driver/Src/stm32wbxx_hal_pwr.o"
arm-none-eabi-gcc "../Drivers/STM32WBxx_HAL_Driver/Src/stm32wbxx_hal_pwr_ex.c" -mcpu=cortex-m4 -std=gnu11 -g3 -DDEBUG -DUSE_HAL_DRIVER -DSTM32WB55xx -c -I../Core/Inc -I../Drivers/STM32WBxx_HAL_Driver/Inc -I../Drivers/STM32WBxx_HAL_Driver/Inc/Legacy -I../Drivers/CMSIS/Device/ST/STM32WBxx/Include -I../Drivers/CMSIS/Include -O0 -ffunction-sections -fdata-sections -Wall -fstack-usage -MMD -MP -MF"Drivers/STM32WBxx_HAL_Driver/Src/stm32wbxx_hal_pwr_ex.d" -MT"Drivers/STM32WBxx_HAL_Driver/Src/stm32wbxx_hal_pwr_ex.o" --specs=nano.specs -mfpu=fpv4-sp-d16 -mfloat-abi=hard -mthumb -o "Drivers/STM32WBxx_HAL_Driver/Src/stm32wbxx_hal_pwr_ex.o"
arm-none-eabi-gcc "../Drivers/STM32WBxx_HAL_Driver/Src/stm32wbxx_hal_rcc.c" -mcpu=cortex-m4 -std=gnu11 -g3 -DDEBUG -DUSE_HAL_DRIVER -DSTM32WB55xx -c -I../Core/Inc -I../Drivers/STM32WBxx_HAL_Driver/Inc -I../Drivers/STM32WBxx_HAL_Driver/Inc/Legacy -I../Drivers/CMSIS/Device/ST/STM32WBxx/Include -I../Drivers/CMSIS/Include -O0 -ffunction-sections -fdata-sections -Wall -fstack-usage -MMD -MP -MF"Drivers/STM32WBxx_HAL_Driver/Src/stm32wbxx_hal_rcc.d" -MT"Drivers/STM32WBxx_HAL_Driver/Src/stm32wbxx_hal_rcc.o" --specs=nano.specs -mfpu=fpv4-sp-d16 -mfloat-abi=hard -mthumb -o "Drivers/STM32WBxx_HAL_Driver/Src/stm32wbxx_hal_rcc.o"
arm-none-eabi-gcc "../Drivers/STM32WBxx_HAL_Driver/Src/stm32wbxx_hal_rcc_ex.c" -mcpu=cortex-m4 -std=gnu11 -g3 -DDEBUG -DUSE_HAL_DRIVER -DSTM32WB55xx -c -I../Core/Inc -I../Drivers/STM32WBxx_HAL_Driver/Inc -I../Drivers/STM32WBxx_HAL_Driver/Inc/Legacy -I../Drivers/CMSIS/Device/ST/STM32WBxx/Include -I../Drivers/CMSIS/Include -O0 -ffunction-sections -fdata-sections -Wall -fstack-usage -MMD -MP -MF"Drivers/STM32WBxx_HAL_Driver/Src/stm32wbxx_hal_rcc_ex.d" -MT"Drivers/STM32WBxx_HAL_Driver/Src/stm32wbxx_hal_rcc_ex.o" --specs=nano.specs -mfpu=fpv4-sp-d16 -mfloat-abi=hard -mthumb -o "Drivers/STM32WBxx_HAL_Driver/Src/stm32wbxx_hal_rcc_ex.o"
arm-none-eabi-gcc "../Drivers/STM32WBxx_HAL_Driver/Src/stm32wbxx_hal_spi.c" -mcpu=cortex-m4 -std=gnu11 -g3 -DDEBUG -DUSE_HAL_DRIVER -DSTM32WB55xx -c -I../Core/Inc -I../Drivers/STM32WBxx_HAL_Driver/Inc -I../Drivers/STM32WBxx_HAL_Driver/Inc/Legacy -I../Drivers/CMSIS/Device/ST/STM32WBxx/Include -I../Drivers/CMSIS/Include -O0 -ffunction-sections -fdata-sections -Wall -fstack-usage -MMD -MP -MF"Drivers/STM32WBxx_HAL_Driver/Src/stm32wbxx_hal_spi.d" -MT"Drivers/STM32WBxx_HAL_Driver/Src/stm32wbxx_hal_spi.o" --specs=nano.specs -mfpu=fpv4-sp-d16 -mfloat-abi=hard -mthumb -o "Drivers/STM32WBxx_HAL_Driver/Src/stm32wbxx_hal_spi.o"
arm-none-eabi-gcc "../Drivers/STM32WBxx_HAL_Driver/Src/stm32wbxx_hal_spi_ex.c" -mcpu=cortex-m4 -std=gnu11 -g3 -DDEBUG -DUSE_HAL_DRIVER -DSTM32WB55xx -c -I../Core/Inc -I../Drivers/STM32WBxx_HAL_Driver/Inc -I../Drivers/STM32WBxx_HAL_Driver/Inc/Legacy -I../Drivers/CMSIS/Device/ST/STM32WBxx/Include -I../Drivers/CMSIS/Include -O0 -ffunction-sections -fdata-sections -Wall -fstack-usage -MMD -MP -MF"Drivers/STM32WBxx_HAL_Driver/Src/stm32wbxx_hal_spi_ex.d" -MT"Drivers/STM32WBxx_HAL_Driver/Src/stm32wbxx_hal_spi_ex.o" --specs=nano.specs -mfpu=fpv4-sp-d16 -mfloat-abi=hard -mthumb -o "Drivers/STM32WBxx_HAL_Driver/Src/stm32wbxx_hal_spi_ex.o"
arm-none-eabi-gcc "../Drivers/STM32WBxx_HAL_Driver/Src/stm32wbxx_hal_tim.c" -mcpu=cortex-m4 -std=gnu11 -g3 -DDEBUG -DUSE_HAL_DRIVER -DSTM32WB55xx -c -I../Core/Inc -I../Drivers/STM32WBxx_HAL_Driver/Inc -I../Drivers/STM32WBxx_HAL_Driver/Inc/Legacy -I../Drivers/CMSIS/Device/ST/STM32WBxx/Include -I../Drivers/CMSIS/Include -O0 -ffunction-sections -fdata-sections -Wall -fstack-usage -MMD -MP -MF"Drivers/STM32WBxx_HAL_Driver/Src/stm32wbxx_hal_tim.d" -MT"Drivers/STM32WBxx_HAL_Driver/Src/stm32wbxx_hal_tim.o" --specs=nano.specs -mfpu=fpv4-sp-d16 -mfloat-abi=hard -mthumb -o "Drivers/STM32WBxx_HAL_Driver/Src/stm32wbxx_hal_tim.o"
arm-none-eabi-gcc "../Drivers/STM32WBxx_HAL_Driver/Src/stm32wbxx_hal_tim_ex.c" -mcpu=cortex-m4 -std=gnu11 -g3 -DDEBUG -DUSE_HAL_DRIVER -DSTM32WB55xx -c -I../Core/Inc -I../Drivers/STM32WBxx_HAL_Driver/Inc -I../Drivers/STM32WBxx_HAL_Driver/Inc/Legacy -I../Drivers/CMSIS/Device/ST/STM32WBxx/Include -I../Drivers/CMSIS/Include -O0 -ffunction-sections -fdata-sections -Wall -fstack-usage -MMD -MP -MF"Drivers/STM32WBxx_HAL_Driver/Src/stm32wbxx_hal_tim_ex.d" -MT"Drivers/STM32WBxx_HAL_Driver/Src/stm32wbxx_hal_tim_ex.o" --specs=nano.specs -mfpu=fpv4-sp-d16 -mfloat-abi=hard -mthumb -o "Drivers/STM32WBxx_HAL_Driver/Src/stm32wbxx_hal_tim_ex.o"
arm-none-eabi-gcc "../Core/Src/ads1293.c" -mcpu=cortex-m4 -std=gnu11 -g3 -DDEBUG -DUSE_HAL_DRIVER -DSTM32WB55xx -c -I../Core/Inc -I../Drivers/STM32WBxx_HAL_Driver/Inc -I../Drivers/STM32WBxx_HAL_Driver/Inc/Legacy -I../Drivers/CMSIS/Device/ST/STM32WBxx/Include -I../Drivers/CMSIS/Include -O0 -ffunction-sections -fdata-sections -Wall -fstack-usage -MMD -MP -MF"Core/Src/ads1293.d" -MT"Core/Src/ads1293.o" --specs=nano.specs -mfpu=fpv4-sp-d16 -mfloat-abi=hard -mthumb -o "Core/Src/ads1293.o"
arm-none-eabi-gcc "../Core/Src/main.c" -mcpu=cortex-m4 -std=gnu11 -g3 -DDEBUG -DUSE_HAL_DRIVER -DSTM32WB55xx -c -I../Core/Inc -I../Drivers/STM32WBxx_HAL_Driver/Inc -I../Drivers/STM32WBxx_HAL_Driver/Inc/Legacy -I../Drivers/CMSIS/Device/ST/STM32WBxx/Include -I../Drivers/CMSIS/Include -O0 -ffunction-sections -fdata-sections -Wall -fstack-usage -MMD -MP -MF"Core/Src/main.d" -MT"Core/Src/main.o" --specs=nano.specs -mfpu=fpv4-sp-d16 -mfloat-abi=hard -mthumb -o "Core/Src/main.o"
arm-none-eabi-gcc "../Core/Src/stm32wbxx_hal_msp.c" -mcpu=cortex-m4 -std=gnu11 -g3 -DDEBUG -DUSE_HAL_DRIVER -DSTM32WB55xx -c -I../Core/Inc -I../Drivers/STM32WBxx_HAL_Driver/Inc -I../Drivers/STM32WBxx_HAL_Driver/Inc/Legacy -I../Drivers/CMSIS/Device/ST/STM32WBxx/Include -I../Drivers/CMSIS/Include -O0 -ffunction-sections -fdata-sections -Wall -fstack-usage -MMD -MP -MF"Core/Src/stm32wbxx_hal_msp.d" -MT"Core/Src/stm32wbxx_hal_msp.o" --specs=nano.specs -mfpu=fpv4-sp-d16 -mfloat-abi=hard -mthumb -o "Core/Src/stm32wbxx_hal_msp.o"
arm-none-eabi-gcc "../Core/Src/stm32wbxx_it.c" -mcpu=cortex-m4 -std=gnu11 -g3 -DDEBUG -DUSE_HAL_DRIVER -DSTM32WB55xx -c -I../Core/Inc -I../Drivers/STM32WBxx_HAL_Driver/Inc -I../Drivers/STM32WBxx_HAL_Driver/Inc/Legacy -I../Drivers/CMSIS/Device/ST/STM32WBxx/Include -I../Drivers/CMSIS/Include -O0 -ffunction-sections -fdata-sections -Wall -fstack-usage -MMD -MP -MF"Core/Src/stm32wbxx_it.d" -MT"Core/Src/stm32wbxx_it.o" --specs=nano.specs -mfpu=fpv4-sp-d16 -mfloat-abi=hard -mthumb -o "Core/Src/stm32wbxx_it.o"
arm-none-eabi-gcc "../Core/Src/syscalls.c" -mcpu=cortex-m4 -std=gnu11 -g3 -DDEBUG -DUSE_HAL_DRIVER -DSTM32WB55xx -c -I../Core/Inc -I../Drivers/STM32WBxx_HAL_Driver/Inc -I../Drivers/STM32WBxx_HAL_Driver/Inc/Legacy -I../Drivers/CMSIS/Device/ST/STM32WBxx/Include -I../Drivers/CMSIS/Include -O0 -ffunction-sections -fdata-sections -Wall -fstack-usage -MMD -MP -MF"Core/Src/syscalls.d" -MT"Core/Src/syscalls.o" --specs=nano.specs -mfpu=fpv4-sp-d16 -mfloat-abi=hard -mthumb -o "Core/Src/syscalls.o"
../Core/Src/ads1293.c: In function 'cs_low_ads':
../Core/Src/ads1293.c:13:4: warning: implicit declaration of function 'HAL_GPIO_WritePin' [-Wimplicit-function-declaration]
   13 |    HAL_GPIO_WritePin(GPIOA, ADS_CS_Pin, GPIO_PIN_RESET); //CS установлен в ноль
      |    ^~~~~~~~~~~~~~~~~
../Core/Src/ads1293.c:13:22: error: 'GPIOA' undeclared (first use in this function)
   13 |    HAL_GPIO_WritePin(GPIOA, ADS_CS_Pin, GPIO_PIN_RESET); //CS установлен в ноль
      |                      ^~~~~
../Core/Src/ads1293.c:13:22: note: each undeclared identifier is reported only once for each function it appears in
../Core/Src/ads1293.c:13:29: error: 'ADS_CS_Pin' undeclared (first use in this function)
   13 |    HAL_GPIO_WritePin(GPIOA, ADS_CS_Pin, GPIO_PIN_RESET); //CS установлен в ноль
      |                             ^~~~~~~~~~
../Core/Src/ads1293.c:13:41: error: 'GPIO_PIN_RESET' undeclared (first use in this function)
   13 |    HAL_GPIO_WritePin(GPIOA, ADS_CS_Pin, GPIO_PIN_RESET); //CS установлен в ноль
      |                                         ^~~~~~~~~~~~~~
../Core/Src/ads1293.c: In function 'cs_high_ads':
../Core/Src/ads1293.c:16:24: error: 'GPIOA' undeclared (first use in this function)
   16 |      HAL_GPIO_WritePin(GPIOA, ADS_CS_Pin, GPIO_PIN_SET); //CS установлен в ноль
      |                        ^~~~~
../Core/Src/ads1293.c:16:31: error: 'ADS_CS_Pin' undeclared (first use in this function)
   16 |      HAL_GPIO_WritePin(GPIOA, ADS_CS_Pin, GPIO_PIN_SET); //CS установлен в ноль
      |                               ^~~~~~~~~~
../Core/Src/ads1293.c:16:43: error: 'GPIO_PIN_SET' undeclared (first use in this function)
   16 |      HAL_GPIO_WritePin(GPIOA, ADS_CS_Pin, GPIO_PIN_SET); //CS установлен в ноль
      |                                           ^~~~~~~~~~~~
At top level:
../Core/Src/ads1293.c:15:13: warning: 'cs_high_ads' defined but not used [-Wunused-function]
   15 | static void cs_high_ads(){
      |             ^~~~~~~~~~~
../Core/Src/ads1293.c:12:13: warning: 'cs_low_ads' defined but not used [-Wunused-function]
   12 | static void cs_low_ads(){
      |             ^~~~~~~~~~
make: *** [Core/Src/subdir.mk:37: Core/Src/ads1293.o] Error 1
make: *** Waiting for unfinished jobs....
../Core/Src/main.c: In function 'ADS1293_write':
../Core/Src/main.c:123:5: warning: implicit declaration of function 'cs_low_ads' [-Wimplicit-function-declaration]
  123 |     cs_low_ads();
      |     ^~~~~~~~~~
../Core/Src/main.c:124:44: warning: passing argument 2 of 'HAL_SPI_TransmitReceive' makes pointer from integer without a cast [-Wint-conversion]
  124 |     result=HAL_SPI_TransmitReceive(&hspi1, txData, RxData, len, 100);
      |                                            ^~~~~~
      |                                            |
      |                                            uint8_t {aka unsigned char}
In file included from ../Core/Inc/stm32wbxx_hal_conf.h:308,
                 from ../Drivers/STM32WBxx_HAL_Driver/Inc/stm32wbxx_hal.h:29,
                 from ../Core/Inc/main.h:30,
                 from ../Core/Src/main.c:20:
../Drivers/STM32WBxx_HAL_Driver/Inc/stm32wbxx_hal_spi.h:794:77: note: expected 'uint8_t *' {aka 'unsigned char *'} but argument is of type 'uint8_t' {aka 'unsigned char'}
  794 | HAL_StatusTypeDef HAL_SPI_TransmitReceive(SPI_HandleTypeDef *hspi, uint8_t *pTxData, uint8_t *pRxData, uint16_t Size,
      |                                                                    ~~~~~~~~~^~~~~~~
../Core/Src/main.c:125:5: warning: implicit declaration of function 'cs_high_ads' [-Wimplicit-function-declaration]
  125 |     cs_high_ads();
      |     ^~~~~~~~~~~
../Core/Src/main.c: In function 'ADS_INIT':
../Core/Src/main.c:136:19: warning: passing argument 1 of 'ADS1293_write' makes integer from pointer without a cast [-Wint-conversion]
  136 |     ADS1293_write(tmpTXData, 2);//отправляем по spi два байта - адрес регистра + то что хотим записать
      |                   ^~~~~~~~~
      |                   |
      |                   uint8_t * {aka unsigned char *}
../Core/Src/main.c:120:34: note: expected 'uint8_t' {aka 'unsigned char'} but argument is of type 'uint8_t *' {aka 'unsigned char *'}
  120 |    uint8_t ADS1293_write(uint8_t txData, uint8_t len){
      |                          ~~~~~~~~^~~~~~
../Core/Src/main.c: In function 'ADS_CONFIG':
../Core/Src/main.c:145:18: warning: passing argument 1 of 'ADS1293_write' makes integer from pointer without a cast [-Wint-conversion]
  145 |    ADS1293_write(tmpTXData, 2);//отправляем по spi два байта - адрес регистра + то что хотим записать
      |                  ^~~~~~~~~
      |                  |
      |                  uint8_t * {aka unsigned char *}
../Core/Src/main.c:120:34: note: expected 'uint8_t' {aka 'unsigned char'} but argument is of type 'uint8_t *' {aka 'unsigned char *'}
  120 |    uint8_t ADS1293_write(uint8_t txData, uint8_t len){
      |                          ~~~~~~~~^~~~~~
../Core/Src/main.c:150:18: warning: passing argument 1 of 'ADS1293_write' makes integer from pointer without a cast [-Wint-conversion]
  150 |    ADS1293_write(tmpTXData, 2);
      |                  ^~~~~~~~~
      |                  |
      |                  uint8_t * {aka unsigned char *}
../Core/Src/main.c:120:34: note: expected 'uint8_t' {aka 'unsigned char'} but argument is of type 'uint8_t *' {aka 'unsigned char *'}
  120 |    uint8_t ADS1293_write(uint8_t txData, uint8_t len){
      |                          ~~~~~~~~^~~~~~
../Core/Src/main.c:155:18: warning: passing argument 1 of 'ADS1293_write' makes integer from pointer without a cast [-Wint-conversion]
  155 |    ADS1293_write(tmpTXData, 2);
      |                  ^~~~~~~~~
      |                  |
      |                  uint8_t * {aka unsigned char *}
../Core/Src/main.c:120:34: note: expected 'uint8_t' {aka 'unsigned char'} but argument is of type 'uint8_t *' {aka 'unsigned char *'}
  120 |    uint8_t ADS1293_write(uint8_t txData, uint8_t len){
      |                          ~~~~~~~~^~~~~~
../Core/Src/main.c:160:18: warning: passing argument 1 of 'ADS1293_write' makes integer from pointer without a cast [-Wint-conversion]
  160 |    ADS1293_write(tmpTXData, 2);
      |                  ^~~~~~~~~
      |                  |
      |                  uint8_t * {aka unsigned char *}
../Core/Src/main.c:120:34: note: expected 'uint8_t' {aka 'unsigned char'} but argument is of type 'uint8_t *' {aka 'unsigned char *'}
  120 |    uint8_t ADS1293_write(uint8_t txData, uint8_t len){
      |                          ~~~~~~~~^~~~~~
../Core/Src/main.c:169:18: warning: passing argument 1 of 'ADS1293_write' makes integer from pointer without a cast [-Wint-conversion]
  169 |    ADS1293_write(tmpTXData, 2);
      |                  ^~~~~~~~~
      |                  |
      |                  uint8_t * {aka unsigned char *}
../Core/Src/main.c:120:34: note: expected 'uint8_t' {aka 'unsigned char'} but argument is of type 'uint8_t *' {aka 'unsigned char *'}
  120 |    uint8_t ADS1293_write(uint8_t txData, uint8_t len){
      |                          ~~~~~~~~^~~~~~
../Core/Src/main.c:178:18: warning: passing argument 1 of 'ADS1293_write' makes integer from pointer without a cast [-Wint-conversion]
  178 |    ADS1293_write(tmpTXData, 2);
      |                  ^~~~~~~~~
      |                  |
      |                  uint8_t * {aka unsigned char *}
../Core/Src/main.c:120:34: note: expected 'uint8_t' {aka 'unsigned char'} but argument is of type 'uint8_t *' {aka 'unsigned char *'}
  120 |    uint8_t ADS1293_write(uint8_t txData, uint8_t len){
      |                          ~~~~~~~~^~~~~~
At top level:
../Core/Src/main.c:139:8: warning: 'ADS_CONFIG' defined but not used [-Wunused-function]
  139 |   void ADS_CONFIG(){
      |        ^~~~~~~~~~
../Core/Src/main.c:130:9: warning: 'ADS_INIT' defined but not used [-Wunused-function]
  130 |    void ADS_INIT(){
      |         ^~~~~~~~
"make -j8 all" terminated with exit code 2. Build might be incomplete.
15:59:03 **** Incremental Build of configuration Debug for project fowl ****
make -j8 all 
arm-none-eabi-gcc "../Core/Src/ads1293.c" -mcpu=cortex-m4 -std=gnu11 -g3 -DDEBUG -DUSE_HAL_DRIVER -DSTM32WB55xx -c -I../Core/Inc -I../Drivers/STM32WBxx_HAL_Driver/Inc -I../Drivers/STM32WBxx_HAL_Driver/Inc/Legacy -I../Drivers/CMSIS/Device/ST/STM32WBxx/Include -I../Drivers/CMSIS/Include -O0 -ffunction-sections -fdata-sections -Wall -fstack-usage -MMD -MP -MF"Core/Src/ads1293.d" -MT"Core/Src/ads1293.o" --specs=nano.specs -mfpu=fpv4-sp-d16 -mfloat-abi=hard -mthumb -o "Core/Src/ads1293.o"
arm-none-eabi-gcc "../Core/Src/sysmem.c" -mcpu=cortex-m4 -std=gnu11 -g3 -DDEBUG -DUSE_HAL_DRIVER -DSTM32WB55xx -c -I../Core/Inc -I../Drivers/STM32WBxx_HAL_Driver/Inc -I../Drivers/STM32WBxx_HAL_Driver/Inc/Legacy -I../Drivers/CMSIS/Device/ST/STM32WBxx/Include -I../Drivers/CMSIS/Include -O0 -ffunction-sections -fdata-sections -Wall -fstack-usage -MMD -MP -MF"Core/Src/sysmem.d" -MT"Core/Src/sysmem.o" --specs=nano.specs -mfpu=fpv4-sp-d16 -mfloat-abi=hard -mthumb -o "Core/Src/sysmem.o"
arm-none-eabi-gcc "../Core/Src/system_stm32wbxx.c" -mcpu=cortex-m4 -std=gnu11 -g3 -DDEBUG -DUSE_HAL_DRIVER -DSTM32WB55xx -c -I../Core/Inc -I../Drivers/STM32WBxx_HAL_Driver/Inc -I../Drivers/STM32WBxx_HAL_Driver/Inc/Legacy -I../Drivers/CMSIS/Device/ST/STM32WBxx/Include -I../Drivers/CMSIS/Include -O0 -ffunction-sections -fdata-sections -Wall -fstack-usage -MMD -MP -MF"Core/Src/system_stm32wbxx.d" -MT"Core/Src/system_stm32wbxx.o" --specs=nano.specs -mfpu=fpv4-sp-d16 -mfloat-abi=hard -mthumb -o "Core/Src/system_stm32wbxx.o"
../Core/Src/ads1293.c: In function 'cs_low_ads':
../Core/Src/ads1293.c:13:4: warning: implicit declaration of function 'HAL_GPIO_WritePin' [-Wimplicit-function-declaration]
   13 |    HAL_GPIO_WritePin(GPIOA, ADS_CS_Pin, GPIO_PIN_RESET); //CS установлен в ноль
      |    ^~~~~~~~~~~~~~~~~
../Core/Src/ads1293.c:13:22: error: 'GPIOA' undeclared (first use in this function)
   13 |    HAL_GPIO_WritePin(GPIOA, ADS_CS_Pin, GPIO_PIN_RESET); //CS установлен в ноль
      |                      ^~~~~
../Core/Src/ads1293.c:13:22: note: each undeclared identifier is reported only once for each function it appears in
../Core/Src/ads1293.c:13:29: error: 'ADS_CS_Pin' undeclared (first use in this function)
   13 |    HAL_GPIO_WritePin(GPIOA, ADS_CS_Pin, GPIO_PIN_RESET); //CS установлен в ноль
      |                             ^~~~~~~~~~
../Core/Src/ads1293.c:13:41: error: 'GPIO_PIN_RESET' undeclared (first use in this function)
   13 |    HAL_GPIO_WritePin(GPIOA, ADS_CS_Pin, GPIO_PIN_RESET); //CS установлен в ноль
      |                                         ^~~~~~~~~~~~~~
../Core/Src/ads1293.c: In function 'cs_high_ads':
../Core/Src/ads1293.c:16:24: error: 'GPIOA' undeclared (first use in this function)
   16 |      HAL_GPIO_WritePin(GPIOA, ADS_CS_Pin, GPIO_PIN_SET); //CS установлен в ноль
      |                        ^~~~~
../Core/Src/ads1293.c:16:31: error: 'ADS_CS_Pin' undeclared (first use in this function)
   16 |      HAL_GPIO_WritePin(GPIOA, ADS_CS_Pin, GPIO_PIN_SET); //CS установлен в ноль
      |                               ^~~~~~~~~~
../Core/Src/ads1293.c:16:43: error: 'GPIO_PIN_SET' undeclared (first use in this function)
   16 |      HAL_GPIO_WritePin(GPIOA, ADS_CS_Pin, GPIO_PIN_SET); //CS установлен в ноль
      |                                           ^~~~~~~~~~~~
At top level:
../Core/Src/ads1293.c:15:13: warning: 'cs_high_ads' defined but not used [-Wunused-function]
   15 | static void cs_high_ads(){
      |             ^~~~~~~~~~~
../Core/Src/ads1293.c:12:13: warning: 'cs_low_ads' defined but not used [-Wunused-function]
   12 | static void cs_low_ads(){
      |             ^~~~~~~~~~
make: *** [Core/Src/subdir.mk:37: Core/Src/ads1293.o] Error 1
make: *** Waiting for unfinished jobs....
"make -j8 all" terminated with exit code 2. Build might be incomplete.
16:01:12 **** Incremental Build of configuration Debug for project fowl ****
make -j8 all 
arm-none-eabi-gcc "../Core/Src/ads1293.c" -mcpu=cortex-m4 -std=gnu11 -g3 -DDEBUG -DUSE_HAL_DRIVER -DSTM32WB55xx -c -I../Core/Inc -I../Drivers/STM32WBxx_HAL_Driver/Inc -I../Drivers/STM32WBxx_HAL_Driver/Inc/Legacy -I../Drivers/CMSIS/Device/ST/STM32WBxx/Include -I../Drivers/CMSIS/Include -O0 -ffunction-sections -fdata-sections -Wall -fstack-usage -MMD -MP -MF"Core/Src/ads1293.d" -MT"Core/Src/ads1293.o" --specs=nano.specs -mfpu=fpv4-sp-d16 -mfloat-abi=hard -mthumb -o "Core/Src/ads1293.o"
arm-none-eabi-gcc "../Core/Src/main.c" -mcpu=cortex-m4 -std=gnu11 -g3 -DDEBUG -DUSE_HAL_DRIVER -DSTM32WB55xx -c -I../Core/Inc -I../Drivers/STM32WBxx_HAL_Driver/Inc -I../Drivers/STM32WBxx_HAL_Driver/Inc/Legacy -I../Drivers/CMSIS/Device/ST/STM32WBxx/Include -I../Drivers/CMSIS/Include -O0 -ffunction-sections -fdata-sections -Wall -fstack-usage -MMD -MP -MF"Core/Src/main.d" -MT"Core/Src/main.o" --specs=nano.specs -mfpu=fpv4-sp-d16 -mfloat-abi=hard -mthumb -o "Core/Src/main.o"
../Core/Src/ads1293.c: In function 'cs_low_ads':
../Core/Src/ads1293.c:13:4: warning: implicit declaration of function 'HAL_GPIO_WritePin' [-Wimplicit-function-declaration]
   13 |    HAL_GPIO_WritePin(GPIOA, ADS_CS_Pin, GPIO_PIN_RESET); //CS установлен в ноль
      |    ^~~~~~~~~~~~~~~~~
../Core/Src/ads1293.c:13:22: error: 'GPIOA' undeclared (first use in this function)
   13 |    HAL_GPIO_WritePin(GPIOA, ADS_CS_Pin, GPIO_PIN_RESET); //CS установлен в ноль
      |                      ^~~~~
../Core/Src/ads1293.c:13:22: note: each undeclared identifier is reported only once for each function it appears in
../Core/Src/ads1293.c:13:29: error: 'ADS_CS_Pin' undeclared (first use in this function)
   13 |    HAL_GPIO_WritePin(GPIOA, ADS_CS_Pin, GPIO_PIN_RESET); //CS установлен в ноль
      |                             ^~~~~~~~~~
../Core/Src/ads1293.c:13:41: error: 'GPIO_PIN_RESET' undeclared (first use in this function)
   13 |    HAL_GPIO_WritePin(GPIOA, ADS_CS_Pin, GPIO_PIN_RESET); //CS установлен в ноль
      |                                         ^~~~~~~~~~~~~~
../Core/Src/ads1293.c: In function 'cs_high_ads':
../Core/Src/ads1293.c:16:24: error: 'GPIOA' undeclared (first use in this function)
   16 |      HAL_GPIO_WritePin(GPIOA, ADS_CS_Pin, GPIO_PIN_SET); //CS установлен в ноль
      |                        ^~~~~
../Core/Src/ads1293.c:16:31: error: 'ADS_CS_Pin' undeclared (first use in this function)
   16 |      HAL_GPIO_WritePin(GPIOA, ADS_CS_Pin, GPIO_PIN_SET); //CS установлен в ноль
      |                               ^~~~~~~~~~
../Core/Src/ads1293.c:16:43: error: 'GPIO_PIN_SET' undeclared (first use in this function)
   16 |      HAL_GPIO_WritePin(GPIOA, ADS_CS_Pin, GPIO_PIN_SET); //CS установлен в ноль
      |                                           ^~~~~~~~~~~~
At top level:
../Core/Src/ads1293.c:15:13: warning: 'cs_high_ads' defined but not used [-Wunused-function]
   15 | static void cs_high_ads(){
      |             ^~~~~~~~~~~
../Core/Src/ads1293.c:12:13: warning: 'cs_low_ads' defined but not used [-Wunused-function]
   12 | static void cs_low_ads(){
      |             ^~~~~~~~~~
make: *** [Core/Src/subdir.mk:37: Core/Src/ads1293.o] Error 1
make: *** Waiting for unfinished jobs....
../Core/Src/main.c: In function 'ADS1293_write':
../Core/Src/main.c:123:5: warning: implicit declaration of function 'cs_low_ads' [-Wimplicit-function-declaration]
  123 |     cs_low_ads();
      |     ^~~~~~~~~~
../Core/Src/main.c:124:44: warning: passing argument 2 of 'HAL_SPI_TransmitReceive' makes pointer from integer without a cast [-Wint-conversion]
  124 |     result=HAL_SPI_TransmitReceive(&hspi1, txData, RxData, len, 100);
      |                                            ^~~~~~
      |                                            |
      |                                            uint8_t {aka unsigned char}
In file included from ../Core/Inc/stm32wbxx_hal_conf.h:308,
                 from ../Drivers/STM32WBxx_HAL_Driver/Inc/stm32wbxx_hal.h:29,
                 from ../Core/Inc/main.h:30,
                 from ../Core/Src/main.c:20:
../Drivers/STM32WBxx_HAL_Driver/Inc/stm32wbxx_hal_spi.h:794:77: note: expected 'uint8_t *' {aka 'unsigned char *'} but argument is of type 'uint8_t' {aka 'unsigned char'}
  794 | HAL_StatusTypeDef HAL_SPI_TransmitReceive(SPI_HandleTypeDef *hspi, uint8_t *pTxData, uint8_t *pRxData, uint16_t Size,
      |                                                                    ~~~~~~~~~^~~~~~~
../Core/Src/main.c:125:5: warning: implicit declaration of function 'cs_high_ads' [-Wimplicit-function-declaration]
  125 |     cs_high_ads();
      |     ^~~~~~~~~~~
../Core/Src/main.c: In function 'ADS_INIT':
../Core/Src/main.c:136:19: warning: passing argument 1 of 'ADS1293_write' makes integer from pointer without a cast [-Wint-conversion]
  136 |     ADS1293_write(tmpTXData, 2);//отправляем по spi два байта - адрес регистра + то что хотим записать
      |                   ^~~~~~~~~
      |                   |
      |                   uint8_t * {aka unsigned char *}
../Core/Src/main.c:120:34: note: expected 'uint8_t' {aka 'unsigned char'} but argument is of type 'uint8_t *' {aka 'unsigned char *'}
  120 |    uint8_t ADS1293_write(uint8_t txData, uint8_t len){
      |                          ~~~~~~~~^~~~~~
../Core/Src/main.c: In function 'ADS_CONFIG':
../Core/Src/main.c:145:18: warning: passing argument 1 of 'ADS1293_write' makes integer from pointer without a cast [-Wint-conversion]
  145 |    ADS1293_write(tmpTXData, 2);//отправляем по spi два байта - адрес регистра + то что хотим записать
      |                  ^~~~~~~~~
      |                  |
      |                  uint8_t * {aka unsigned char *}
../Core/Src/main.c:120:34: note: expected 'uint8_t' {aka 'unsigned char'} but argument is of type 'uint8_t *' {aka 'unsigned char *'}
  120 |    uint8_t ADS1293_write(uint8_t txData, uint8_t len){
      |                          ~~~~~~~~^~~~~~
../Core/Src/main.c:150:18: warning: passing argument 1 of 'ADS1293_write' makes integer from pointer without a cast [-Wint-conversion]
  150 |    ADS1293_write(tmpTXData, 2);
      |                  ^~~~~~~~~
      |                  |
      |                  uint8_t * {aka unsigned char *}
../Core/Src/main.c:120:34: note: expected 'uint8_t' {aka 'unsigned char'} but argument is of type 'uint8_t *' {aka 'unsigned char *'}
  120 |    uint8_t ADS1293_write(uint8_t txData, uint8_t len){
      |                          ~~~~~~~~^~~~~~
../Core/Src/main.c:155:18: warning: passing argument 1 of 'ADS1293_write' makes integer from pointer without a cast [-Wint-conversion]
  155 |    ADS1293_write(tmpTXData, 2);
      |                  ^~~~~~~~~
      |                  |
      |                  uint8_t * {aka unsigned char *}
../Core/Src/main.c:120:34: note: expected 'uint8_t' {aka 'unsigned char'} but argument is of type 'uint8_t *' {aka 'unsigned char *'}
  120 |    uint8_t ADS1293_write(uint8_t txData, uint8_t len){
      |                          ~~~~~~~~^~~~~~
../Core/Src/main.c:160:18: warning: passing argument 1 of 'ADS1293_write' makes integer from pointer without a cast [-Wint-conversion]
  160 |    ADS1293_write(tmpTXData, 2);
      |                  ^~~~~~~~~
      |                  |
      |                  uint8_t * {aka unsigned char *}
../Core/Src/main.c:120:34: note: expected 'uint8_t' {aka 'unsigned char'} but argument is of type 'uint8_t *' {aka 'unsigned char *'}
  120 |    uint8_t ADS1293_write(uint8_t txData, uint8_t len){
      |                          ~~~~~~~~^~~~~~
../Core/Src/main.c:169:18: warning: passing argument 1 of 'ADS1293_write' makes integer from pointer without a cast [-Wint-conversion]
  169 |    ADS1293_write(tmpTXData, 2);
      |                  ^~~~~~~~~
      |                  |
      |                  uint8_t * {aka unsigned char *}
../Core/Src/main.c:120:34: note: expected 'uint8_t' {aka 'unsigned char'} but argument is of type 'uint8_t *' {aka 'unsigned char *'}
  120 |    uint8_t ADS1293_write(uint8_t txData, uint8_t len){
      |                          ~~~~~~~~^~~~~~
../Core/Src/main.c:178:18: warning: passing argument 1 of 'ADS1293_write' makes integer from pointer without a cast [-Wint-conversion]
  178 |    ADS1293_write(tmpTXData, 2);
      |                  ^~~~~~~~~
      |                  |
      |                  uint8_t * {aka unsigned char *}
../Core/Src/main.c:120:34: note: expected 'uint8_t' {aka 'unsigned char'} but argument is of type 'uint8_t *' {aka 'unsigned char *'}
  120 |    uint8_t ADS1293_write(uint8_t txData, uint8_t len){
      |                          ~~~~~~~~^~~~~~
At top level:
../Core/Src/main.c:139:8: warning: 'ADS_CONFIG' defined but not used [-Wunused-function]
  139 |   void ADS_CONFIG(){
      |        ^~~~~~~~~~
../Core/Src/main.c:130:9: warning: 'ADS_INIT' defined but not used [-Wunused-function]
  130 |    void ADS_INIT(){
      |         ^~~~~~~~
"make -j8 all" terminated with exit code 2. Build might be incomplete.
16:02:04 **** Incremental Build of configuration Debug for project fowl ****
make -j8 all 
arm-none-eabi-gcc "../Core/Src/ads1293.c" -mcpu=cortex-m4 -std=gnu11 -g3 -DDEBUG -DUSE_HAL_DRIVER -DSTM32WB55xx -c -I../Core/Inc -I../Drivers/STM32WBxx_HAL_Driver/Inc -I../Drivers/STM32WBxx_HAL_Driver/Inc/Legacy -I../Drivers/CMSIS/Device/ST/STM32WBxx/Include -I../Drivers/CMSIS/Include -O0 -ffunction-sections -fdata-sections -Wall -fstack-usage -MMD -MP -MF"Core/Src/ads1293.d" -MT"Core/Src/ads1293.o" --specs=nano.specs -mfpu=fpv4-sp-d16 -mfloat-abi=hard -mthumb -o "Core/Src/ads1293.o"
arm-none-eabi-gcc "../Core/Src/main.c" -mcpu=cortex-m4 -std=gnu11 -g3 -DDEBUG -DUSE_HAL_DRIVER -DSTM32WB55xx -c -I../Core/Inc -I../Drivers/STM32WBxx_HAL_Driver/Inc -I../Drivers/STM32WBxx_HAL_Driver/Inc/Legacy -I../Drivers/CMSIS/Device/ST/STM32WBxx/Include -I../Drivers/CMSIS/Include -O0 -ffunction-sections -fdata-sections -Wall -fstack-usage -MMD -MP -MF"Core/Src/main.d" -MT"Core/Src/main.o" --specs=nano.specs -mfpu=fpv4-sp-d16 -mfloat-abi=hard -mthumb -o "Core/Src/main.o"
../Core/Src/ads1293.c:12:13: error: redefinition of 'cs_low_ads'
   12 | static void cs_low_ads(){
      |             ^~~~~~~~~~
In file included from ../Core/Src/ads1293.c:10:
../Core/Inc/ads1293.h:93:13: note: previous definition of 'cs_low_ads' was here
   93 | static void cs_low_ads(){}
      |             ^~~~~~~~~~
../Core/Src/ads1293.c: In function 'cs_low_ads':
../Core/Src/ads1293.c:13:4: warning: implicit declaration of function 'HAL_GPIO_WritePin' [-Wimplicit-function-declaration]
   13 |    HAL_GPIO_WritePin(GPIOA, ADS_CS_Pin, GPIO_PIN_RESET); //CS установлен в ноль
      |    ^~~~~~~~~~~~~~~~~
../Core/Src/ads1293.c:13:22: error: 'GPIOA' undeclared (first use in this function)
   13 |    HAL_GPIO_WritePin(GPIOA, ADS_CS_Pin, GPIO_PIN_RESET); //CS установлен в ноль
      |                      ^~~~~
../Core/Src/ads1293.c:13:22: note: each undeclared identifier is reported only once for each function it appears in
../Core/Src/ads1293.c:13:29: error: 'ADS_CS_Pin' undeclared (first use in this function)
   13 |    HAL_GPIO_WritePin(GPIOA, ADS_CS_Pin, GPIO_PIN_RESET); //CS установлен в ноль
      |                             ^~~~~~~~~~
../Core/Src/ads1293.c:13:41: error: 'GPIO_PIN_RESET' undeclared (first use in this function)
   13 |    HAL_GPIO_WritePin(GPIOA, ADS_CS_Pin, GPIO_PIN_RESET); //CS установлен в ноль
      |                                         ^~~~~~~~~~~~~~
../Core/Src/ads1293.c: At top level:
../Core/Src/ads1293.c:15:13: error: redefinition of 'cs_high_ads'
   15 | static void cs_high_ads(){
      |             ^~~~~~~~~~~
In file included from ../Core/Src/ads1293.c:10:
../Core/Inc/ads1293.h:94:13: note: previous definition of 'cs_high_ads' was here
   94 | static void cs_high_ads(){}
      |             ^~~~~~~~~~~
../Core/Src/ads1293.c: In function 'cs_high_ads':
../Core/Src/ads1293.c:16:24: error: 'GPIOA' undeclared (first use in this function)
   16 |      HAL_GPIO_WritePin(GPIOA, ADS_CS_Pin, GPIO_PIN_SET); //CS установлен в ноль
      |                        ^~~~~
../Core/Src/ads1293.c:16:31: error: 'ADS_CS_Pin' undeclared (first use in this function)
   16 |      HAL_GPIO_WritePin(GPIOA, ADS_CS_Pin, GPIO_PIN_SET); //CS установлен в ноль
      |                               ^~~~~~~~~~
../Core/Src/ads1293.c:16:43: error: 'GPIO_PIN_SET' undeclared (first use in this function)
   16 |      HAL_GPIO_WritePin(GPIOA, ADS_CS_Pin, GPIO_PIN_SET); //CS установлен в ноль
      |                                           ^~~~~~~~~~~~
At top level:
../Core/Src/ads1293.c:15:13: warning: 'cs_high_ads' defined but not used [-Wunused-function]
   15 | static void cs_high_ads(){
      |             ^~~~~~~~~~~
../Core/Src/ads1293.c:12:13: warning: 'cs_low_ads' defined but not used [-Wunused-function]
   12 | static void cs_low_ads(){
      |             ^~~~~~~~~~
In file included from ../Core/Src/ads1293.c:10:
../Core/Inc/ads1293.h:94:13: warning: 'cs_high_ads' defined but not used [-Wunused-function]
   94 | static void cs_high_ads(){}
      |             ^~~~~~~~~~~
../Core/Inc/ads1293.h:93:13: warning: 'cs_low_ads' defined but not used [-Wunused-function]
   93 | static void cs_low_ads(){}
      |             ^~~~~~~~~~
make: *** [Core/Src/subdir.mk:37: Core/Src/ads1293.o] Error 1
make: *** Waiting for unfinished jobs....
../Core/Src/main.c: In function 'ADS1293_write':
../Core/Src/main.c:124:44: warning: passing argument 2 of 'HAL_SPI_TransmitReceive' makes pointer from integer without a cast [-Wint-conversion]
  124 |     result=HAL_SPI_TransmitReceive(&hspi1, txData, RxData, len, 100);
      |                                            ^~~~~~
      |                                            |
      |                                            uint8_t {aka unsigned char}
In file included from ../Core/Inc/stm32wbxx_hal_conf.h:308,
                 from ../Drivers/STM32WBxx_HAL_Driver/Inc/stm32wbxx_hal.h:29,
                 from ../Core/Inc/main.h:30,
                 from ../Core/Src/main.c:20:
../Drivers/STM32WBxx_HAL_Driver/Inc/stm32wbxx_hal_spi.h:794:77: note: expected 'uint8_t *' {aka 'unsigned char *'} but argument is of type 'uint8_t' {aka 'unsigned char'}
  794 | HAL_StatusTypeDef HAL_SPI_TransmitReceive(SPI_HandleTypeDef *hspi, uint8_t *pTxData, uint8_t *pRxData, uint16_t Size,
      |                                                                    ~~~~~~~~~^~~~~~~
../Core/Src/main.c: In function 'ADS_INIT':
../Core/Src/main.c:136:19: warning: passing argument 1 of 'ADS1293_write' makes integer from pointer without a cast [-Wint-conversion]
  136 |     ADS1293_write(tmpTXData, 2);//отправляем по spi два байта - адрес регистра + то что хотим записать
      |                   ^~~~~~~~~
      |                   |
      |                   uint8_t * {aka unsigned char *}
../Core/Src/main.c:120:34: note: expected 'uint8_t' {aka 'unsigned char'} but argument is of type 'uint8_t *' {aka 'unsigned char *'}
  120 |    uint8_t ADS1293_write(uint8_t txData, uint8_t len){
      |                          ~~~~~~~~^~~~~~
../Core/Src/main.c: In function 'ADS_CONFIG':
../Core/Src/main.c:145:18: warning: passing argument 1 of 'ADS1293_write' makes integer from pointer without a cast [-Wint-conversion]
  145 |    ADS1293_write(tmpTXData, 2);//отправляем по spi два байта - адрес регистра + то что хотим записать
      |                  ^~~~~~~~~
      |                  |
      |                  uint8_t * {aka unsigned char *}
../Core/Src/main.c:120:34: note: expected 'uint8_t' {aka 'unsigned char'} but argument is of type 'uint8_t *' {aka 'unsigned char *'}
  120 |    uint8_t ADS1293_write(uint8_t txData, uint8_t len){
      |                          ~~~~~~~~^~~~~~
../Core/Src/main.c:150:18: warning: passing argument 1 of 'ADS1293_write' makes integer from pointer without a cast [-Wint-conversion]
  150 |    ADS1293_write(tmpTXData, 2);
      |                  ^~~~~~~~~
      |                  |
      |                  uint8_t * {aka unsigned char *}
../Core/Src/main.c:120:34: note: expected 'uint8_t' {aka 'unsigned char'} but argument is of type 'uint8_t *' {aka 'unsigned char *'}
  120 |    uint8_t ADS1293_write(uint8_t txData, uint8_t len){
      |                          ~~~~~~~~^~~~~~
../Core/Src/main.c:155:18: warning: passing argument 1 of 'ADS1293_write' makes integer from pointer without a cast [-Wint-conversion]
  155 |    ADS1293_write(tmpTXData, 2);
      |                  ^~~~~~~~~
      |                  |
      |                  uint8_t * {aka unsigned char *}
../Core/Src/main.c:120:34: note: expected 'uint8_t' {aka 'unsigned char'} but argument is of type 'uint8_t *' {aka 'unsigned char *'}
  120 |    uint8_t ADS1293_write(uint8_t txData, uint8_t len){
      |                          ~~~~~~~~^~~~~~
../Core/Src/main.c:160:18: warning: passing argument 1 of 'ADS1293_write' makes integer from pointer without a cast [-Wint-conversion]
  160 |    ADS1293_write(tmpTXData, 2);
      |                  ^~~~~~~~~
      |                  |
      |                  uint8_t * {aka unsigned char *}
../Core/Src/main.c:120:34: note: expected 'uint8_t' {aka 'unsigned char'} but argument is of type 'uint8_t *' {aka 'unsigned char *'}
  120 |    uint8_t ADS1293_write(uint8_t txData, uint8_t len){
      |                          ~~~~~~~~^~~~~~
../Core/Src/main.c:169:18: warning: passing argument 1 of 'ADS1293_write' makes integer from pointer without a cast [-Wint-conversion]
  169 |    ADS1293_write(tmpTXData, 2);
      |                  ^~~~~~~~~
      |                  |
      |                  uint8_t * {aka unsigned char *}
../Core/Src/main.c:120:34: note: expected 'uint8_t' {aka 'unsigned char'} but argument is of type 'uint8_t *' {aka 'unsigned char *'}
  120 |    uint8_t ADS1293_write(uint8_t txData, uint8_t len){
      |                          ~~~~~~~~^~~~~~
../Core/Src/main.c:178:18: warning: passing argument 1 of 'ADS1293_write' makes integer from pointer without a cast [-Wint-conversion]
  178 |    ADS1293_write(tmpTXData, 2);
      |                  ^~~~~~~~~
      |                  |
      |                  uint8_t * {aka unsigned char *}
../Core/Src/main.c:120:34: note: expected 'uint8_t' {aka 'unsigned char'} but argument is of type 'uint8_t *' {aka 'unsigned char *'}
  120 |    uint8_t ADS1293_write(uint8_t txData, uint8_t len){
      |                          ~~~~~~~~^~~~~~
At top level:
../Core/Src/main.c:139:8: warning: 'ADS_CONFIG' defined but not used [-Wunused-function]
  139 |   void ADS_CONFIG(){
      |        ^~~~~~~~~~
../Core/Src/main.c:130:9: warning: 'ADS_INIT' defined but not used [-Wunused-function]
  130 |    void ADS_INIT(){
      |         ^~~~~~~~
"make -j8 all" terminated with exit code 2. Build might be incomplete.
16:02:34 **** Incremental Build of configuration Debug for project fowl ****
make -j8 all 
arm-none-eabi-gcc "../Core/Src/ads1293.c" -mcpu=cortex-m4 -std=gnu11 -g3 -DDEBUG -DUSE_HAL_DRIVER -DSTM32WB55xx -c -I../Core/Inc -I../Drivers/STM32WBxx_HAL_Driver/Inc -I../Drivers/STM32WBxx_HAL_Driver/Inc/Legacy -I../Drivers/CMSIS/Device/ST/STM32WBxx/Include -I../Drivers/CMSIS/Include -O0 -ffunction-sections -fdata-sections -Wall -fstack-usage -MMD -MP -MF"Core/Src/ads1293.d" -MT"Core/Src/ads1293.o" --specs=nano.specs -mfpu=fpv4-sp-d16 -mfloat-abi=hard -mthumb -o "Core/Src/ads1293.o"
arm-none-eabi-gcc "../Core/Src/main.c" -mcpu=cortex-m4 -std=gnu11 -g3 -DDEBUG -DUSE_HAL_DRIVER -DSTM32WB55xx -c -I../Core/Inc -I../Drivers/STM32WBxx_HAL_Driver/Inc -I../Drivers/STM32WBxx_HAL_Driver/Inc/Legacy -I../Drivers/CMSIS/Device/ST/STM32WBxx/Include -I../Drivers/CMSIS/Include -O0 -ffunction-sections -fdata-sections -Wall -fstack-usage -MMD -MP -MF"Core/Src/main.d" -MT"Core/Src/main.o" --specs=nano.specs -mfpu=fpv4-sp-d16 -mfloat-abi=hard -mthumb -o "Core/Src/main.o"
../Core/Src/ads1293.c:12:13: error: redefinition of 'cs_low_ads'
   12 | static void cs_low_ads(){
      |             ^~~~~~~~~~
In file included from ../Core/Src/ads1293.c:10:
../Core/Inc/ads1293.h:93:13: note: previous definition of 'cs_low_ads' was here
   93 | static void cs_low_ads(){};
      |             ^~~~~~~~~~
../Core/Src/ads1293.c: In function 'cs_low_ads':
../Core/Src/ads1293.c:13:4: warning: implicit declaration of function 'HAL_GPIO_WritePin' [-Wimplicit-function-declaration]
   13 |    HAL_GPIO_WritePin(GPIOA, ADS_CS_Pin, GPIO_PIN_RESET); //CS установлен в ноль
      |    ^~~~~~~~~~~~~~~~~
../Core/Src/ads1293.c:13:22: error: 'GPIOA' undeclared (first use in this function)
   13 |    HAL_GPIO_WritePin(GPIOA, ADS_CS_Pin, GPIO_PIN_RESET); //CS установлен в ноль
      |                      ^~~~~
../Core/Src/ads1293.c:13:22: note: each undeclared identifier is reported only once for each function it appears in
../Core/Src/ads1293.c:13:29: error: 'ADS_CS_Pin' undeclared (first use in this function)
   13 |    HAL_GPIO_WritePin(GPIOA, ADS_CS_Pin, GPIO_PIN_RESET); //CS установлен в ноль
      |                             ^~~~~~~~~~
../Core/Src/ads1293.c:13:41: error: 'GPIO_PIN_RESET' undeclared (first use in this function)
   13 |    HAL_GPIO_WritePin(GPIOA, ADS_CS_Pin, GPIO_PIN_RESET); //CS установлен в ноль
      |                                         ^~~~~~~~~~~~~~
../Core/Src/ads1293.c: At top level:
../Core/Src/ads1293.c:15:13: error: redefinition of 'cs_high_ads'
   15 | static void cs_high_ads(){
      |             ^~~~~~~~~~~
In file included from ../Core/Src/ads1293.c:10:
../Core/Inc/ads1293.h:94:13: note: previous definition of 'cs_high_ads' was here
   94 | static void cs_high_ads(){};
      |             ^~~~~~~~~~~
../Core/Src/ads1293.c: In function 'cs_high_ads':
../Core/Src/ads1293.c:16:24: error: 'GPIOA' undeclared (first use in this function)
   16 |      HAL_GPIO_WritePin(GPIOA, ADS_CS_Pin, GPIO_PIN_SET); //CS установлен в ноль
      |                        ^~~~~
../Core/Src/ads1293.c:16:31: error: 'ADS_CS_Pin' undeclared (first use in this function)
   16 |      HAL_GPIO_WritePin(GPIOA, ADS_CS_Pin, GPIO_PIN_SET); //CS установлен в ноль
      |                               ^~~~~~~~~~
../Core/Src/ads1293.c:16:43: error: 'GPIO_PIN_SET' undeclared (first use in this function)
   16 |      HAL_GPIO_WritePin(GPIOA, ADS_CS_Pin, GPIO_PIN_SET); //CS установлен в ноль
      |                                           ^~~~~~~~~~~~
At top level:
../Core/Src/ads1293.c:15:13: warning: 'cs_high_ads' defined but not used [-Wunused-function]
   15 | static void cs_high_ads(){
      |             ^~~~~~~~~~~
../Core/Src/ads1293.c:12:13: warning: 'cs_low_ads' defined but not used [-Wunused-function]
   12 | static void cs_low_ads(){
      |             ^~~~~~~~~~
In file included from ../Core/Src/ads1293.c:10:
../Core/Inc/ads1293.h:94:13: warning: 'cs_high_ads' defined but not used [-Wunused-function]
   94 | static void cs_high_ads(){};
      |             ^~~~~~~~~~~
../Core/Inc/ads1293.h:93:13: warning: 'cs_low_ads' defined but not used [-Wunused-function]
   93 | static void cs_low_ads(){};
      |             ^~~~~~~~~~
make: *** [Core/Src/subdir.mk:37: Core/Src/ads1293.o] Error 1
make: *** Waiting for unfinished jobs....
../Core/Src/main.c: In function 'ADS1293_write':
../Core/Src/main.c:124:44: warning: passing argument 2 of 'HAL_SPI_TransmitReceive' makes pointer from integer without a cast [-Wint-conversion]
  124 |     result=HAL_SPI_TransmitReceive(&hspi1, txData, RxData, len, 100);
      |                                            ^~~~~~
      |                                            |
      |                                            uint8_t {aka unsigned char}
In file included from ../Core/Inc/stm32wbxx_hal_conf.h:308,
                 from ../Drivers/STM32WBxx_HAL_Driver/Inc/stm32wbxx_hal.h:29,
                 from ../Core/Inc/main.h:30,
                 from ../Core/Src/main.c:20:
../Drivers/STM32WBxx_HAL_Driver/Inc/stm32wbxx_hal_spi.h:794:77: note: expected 'uint8_t *' {aka 'unsigned char *'} but argument is of type 'uint8_t' {aka 'unsigned char'}
  794 | HAL_StatusTypeDef HAL_SPI_TransmitReceive(SPI_HandleTypeDef *hspi, uint8_t *pTxData, uint8_t *pRxData, uint16_t Size,
      |                                                                    ~~~~~~~~~^~~~~~~
../Core/Src/main.c: In function 'ADS_INIT':
../Core/Src/main.c:136:19: warning: passing argument 1 of 'ADS1293_write' makes integer from pointer without a cast [-Wint-conversion]
  136 |     ADS1293_write(tmpTXData, 2);//отправляем по spi два байта - адрес регистра + то что хотим записать
      |                   ^~~~~~~~~
      |                   |
      |                   uint8_t * {aka unsigned char *}
../Core/Src/main.c:120:34: note: expected 'uint8_t' {aka 'unsigned char'} but argument is of type 'uint8_t *' {aka 'unsigned char *'}
  120 |    uint8_t ADS1293_write(uint8_t txData, uint8_t len){
      |                          ~~~~~~~~^~~~~~
../Core/Src/main.c: In function 'ADS_CONFIG':
../Core/Src/main.c:145:18: warning: passing argument 1 of 'ADS1293_write' makes integer from pointer without a cast [-Wint-conversion]
  145 |    ADS1293_write(tmpTXData, 2);//отправляем по spi два байта - адрес регистра + то что хотим записать
      |                  ^~~~~~~~~
      |                  |
      |                  uint8_t * {aka unsigned char *}
../Core/Src/main.c:120:34: note: expected 'uint8_t' {aka 'unsigned char'} but argument is of type 'uint8_t *' {aka 'unsigned char *'}
  120 |    uint8_t ADS1293_write(uint8_t txData, uint8_t len){
      |                          ~~~~~~~~^~~~~~
../Core/Src/main.c:150:18: warning: passing argument 1 of 'ADS1293_write' makes integer from pointer without a cast [-Wint-conversion]
  150 |    ADS1293_write(tmpTXData, 2);
      |                  ^~~~~~~~~
      |                  |
      |                  uint8_t * {aka unsigned char *}
../Core/Src/main.c:120:34: note: expected 'uint8_t' {aka 'unsigned char'} but argument is of type 'uint8_t *' {aka 'unsigned char *'}
  120 |    uint8_t ADS1293_write(uint8_t txData, uint8_t len){
      |                          ~~~~~~~~^~~~~~
../Core/Src/main.c:155:18: warning: passing argument 1 of 'ADS1293_write' makes integer from pointer without a cast [-Wint-conversion]
  155 |    ADS1293_write(tmpTXData, 2);
      |                  ^~~~~~~~~
      |                  |
      |                  uint8_t * {aka unsigned char *}
[...]
      |     ADS1293_write
At top level:
../Core/Src/main.c:164:8: warning: 'ADS_CONFIG' defined but not used [-Wunused-function]
  164 |   void ADS_CONFIG(){
      |        ^~~~~~~~~~
../Core/Src/main.c:155:9: warning: 'ADS_INIT' defined but not used [-Wunused-function]
  155 |    void ADS_INIT(){
      |         ^~~~~~~~
arm-none-eabi-gcc -o "fowl.elf" @"objects.list"   -mcpu=cortex-m4 -T"C:\Users\sogonov\STM32CubeIDE\workspace_fowl\fowl\STM32WB55RCVX_FLASH.ld" --specs=nosys.specs -Wl,-Map="fowl.map" -Wl,--gc-sections -static --specs=nano.specs -mfpu=fpv4-sp-d16 -mfloat-abi=hard -mthumb -Wl,--start-group -lc -lm -Wl,--end-group
Finished building target: fowl.elf
 
arm-none-eabi-size   fowl.elf 
arm-none-eabi-objdump -h -S  fowl.elf  > "fowl.list"
   text	   data	    bss	    dec	    hex	filename
  10844	     20	   1768	  12632	   3158	fowl.elf
Finished building: default.size.stdout
 
Finished building: fowl.list
 
19:41:05 **** Incremental Build of configuration Debug for project fowl ****
make -j8 all 
arm-none-eabi-gcc "../Core/Src/main.c" -mcpu=cortex-m4 -std=gnu11 -g3 -DDEBUG -DUSE_HAL_DRIVER -DSTM32WB55xx -c -I../Core/Inc -I../Drivers/STM32WBxx_HAL_Driver/Inc -I../Drivers/STM32WBxx_HAL_Driver/Inc/Legacy -I../Drivers/CMSIS/Device/ST/STM32WBxx/Include -I../Drivers/CMSIS/Include -O0 -ffunction-sections -fdata-sections -Wall -fstack-usage -MMD -MP -MF"Core/Src/main.d" -MT"Core/Src/main.o" --specs=nano.specs -mfpu=fpv4-sp-d16 -mfloat-abi=hard -mthumb -o "Core/Src/main.o"
../Core/Src/main.c: In function 'ADS1293_read':
../Core/Src/main.c:92:27: warning: passing argument 2 of 'HAL_SPI_Transmit' makes pointer from integer without a cast [-Wint-conversion]
   92 |  HAL_SPI_Transmit(&hspi1, command_field, 1, 100);
      |                           ^~~~~~~~~~~~~
      |                           |
      |                           uint8_t {aka unsigned char}
In file included from ../Core/Inc/stm32wbxx_hal_conf.h:308,
                 from ../Drivers/STM32WBxx_HAL_Driver/Inc/stm32wbxx_hal.h:29,
                 from ../Core/Inc/main.h:30,
                 from ../Core/Src/main.c:20:
../Drivers/STM32WBxx_HAL_Driver/Inc/stm32wbxx_hal_spi.h:792:70: note: expected 'uint8_t *' {aka 'unsigned char *'} but argument is of type 'uint8_t' {aka 'unsigned char'}
  792 | HAL_StatusTypeDef HAL_SPI_Transmit(SPI_HandleTypeDef *hspi, uint8_t *pData, uint16_t Size, uint32_t Timeout);
      |                                                             ~~~~~~~~~^~~~~
../Core/Src/main.c:93:26: warning: passing argument 2 of 'HAL_SPI_Receive' makes pointer from integer without a cast [-Wint-conversion]
   93 |  HAL_SPI_Receive(&hspi1, read_val, 1, 100);
      |                          ^~~~~~~~
      |                          |
      |                          uint8_t {aka unsigned char}
In file included from ../Core/Inc/stm32wbxx_hal_conf.h:308,
                 from ../Drivers/STM32WBxx_HAL_Driver/Inc/stm32wbxx_hal.h:29,
                 from ../Core/Inc/main.h:30,
                 from ../Core/Src/main.c:20:
../Drivers/STM32WBxx_HAL_Driver/Inc/stm32wbxx_hal_spi.h:793:69: note: expected 'uint8_t *' {aka 'unsigned char *'} but argument is of type 'uint8_t' {aka 'unsigned char'}
  793 | HAL_StatusTypeDef HAL_SPI_Receive(SPI_HandleTypeDef *hspi, uint8_t *pData, uint16_t Size, uint32_t Timeout);
      |                                                            ~~~~~~~~~^~~~~
../Core/Src/main.c: In function 'ADS_INIT':
../Core/Src/main.c:159:5: warning: implicit declaration of function 'ADS1293_write_read'; did you mean 'ADS1293_write'? [-Wimplicit-function-declaration]
  159 |     ADS1293_write_read(tmpTXData, 2);//отправляем по spi два байта - адрес регистра + то что хотим записать
      |     ^~~~~~~~~~~~~~~~~~
      |     ADS1293_write
At top level:
../Core/Src/main.c:162:8: warning: 'ADS_CONFIG' defined but not used [-Wunused-function]
  162 |   void ADS_CONFIG(){
      |        ^~~~~~~~~~
../Core/Src/main.c:153:9: warning: 'ADS_INIT' defined but not used [-Wunused-function]
  153 |    void ADS_INIT(){
      |         ^~~~~~~~
../Core/Src/main.c: In function 'ADS1293_read':
../Core/Src/main.c:93:2: warning: 'read_val' is used uninitialized in this function [-Wuninitialized]
   93 |  HAL_SPI_Receive(&hspi1, read_val, 1, 100);
      |  ^~~~~~~~~~~~~~~~~~~~~~~~~~~~~~~~~~~~~~~~~
arm-none-eabi-gcc -o "fowl.elf" @"objects.list"   -mcpu=cortex-m4 -T"C:\Users\sogonov\STM32CubeIDE\workspace_fowl\fowl\STM32WB55RCVX_FLASH.ld" --specs=nosys.specs -Wl,-Map="fowl.map" -Wl,--gc-sections -static --specs=nano.specs -mfpu=fpv4-sp-d16 -mfloat-abi=hard -mthumb -Wl,--start-group -lc -lm -Wl,--end-group
Finished building target: fowl.elf
 
arm-none-eabi-size   fowl.elf 
arm-none-eabi-objdump -h -S  fowl.elf  > "fowl.list"
   text	   data	    bss	    dec	    hex	filename
  10844	     20	   1768	  12632	   3158	fowl.elf
Finished building: default.size.stdout
 
Finished building: fowl.list
 
19:41:25 **** Incremental Build of configuration Debug for project fowl ****
make -j8 all 
arm-none-eabi-gcc "../Core/Src/main.c" -mcpu=cortex-m4 -std=gnu11 -g3 -DDEBUG -DUSE_HAL_DRIVER -DSTM32WB55xx -c -I../Core/Inc -I../Drivers/STM32WBxx_HAL_Driver/Inc -I../Drivers/STM32WBxx_HAL_Driver/Inc/Legacy -I../Drivers/CMSIS/Device/ST/STM32WBxx/Include -I../Drivers/CMSIS/Include -O0 -ffunction-sections -fdata-sections -Wall -fstack-usage -MMD -MP -MF"Core/Src/main.d" -MT"Core/Src/main.o" --specs=nano.specs -mfpu=fpv4-sp-d16 -mfloat-abi=hard -mthumb -o "Core/Src/main.o"
../Core/Src/main.c: In function 'ADS_INIT':
../Core/Src/main.c:161:5: warning: implicit declaration of function 'ADS1293_write_read'; did you mean 'ADS1293_write'? [-Wimplicit-function-declaration]
  161 |     ADS1293_write_read(tmpTXData, 2);//отправляем по spi два байта - адрес регистра + то что хотим записать
      |     ^~~~~~~~~~~~~~~~~~
      |     ADS1293_write
At top level:
../Core/Src/main.c:164:8: warning: 'ADS_CONFIG' defined but not used [-Wunused-function]
  164 |   void ADS_CONFIG(){
      |        ^~~~~~~~~~
../Core/Src/main.c:155:9: warning: 'ADS_INIT' defined but not used [-Wunused-function]
  155 |    void ADS_INIT(){
      |         ^~~~~~~~
arm-none-eabi-gcc -o "fowl.elf" @"objects.list"   -mcpu=cortex-m4 -T"C:\Users\sogonov\STM32CubeIDE\workspace_fowl\fowl\STM32WB55RCVX_FLASH.ld" --specs=nosys.specs -Wl,-Map="fowl.map" -Wl,--gc-sections -static --specs=nano.specs -mfpu=fpv4-sp-d16 -mfloat-abi=hard -mthumb -Wl,--start-group -lc -lm -Wl,--end-group
Finished building target: fowl.elf
 
arm-none-eabi-size   fowl.elf 
arm-none-eabi-objdump -h -S  fowl.elf  > "fowl.list"
   text	   data	    bss	    dec	    hex	filename
  10844	     20	   1768	  12632	   3158	fowl.elf
Finished building: default.size.stdout
 
Finished building: fowl.list
 
19:42:04 **** Incremental Build of configuration Debug for project fowl ****
make -j8 all 
arm-none-eabi-gcc "../Core/Src/main.c" -mcpu=cortex-m4 -std=gnu11 -g3 -DDEBUG -DUSE_HAL_DRIVER -DSTM32WB55xx -c -I../Core/Inc -I../Drivers/STM32WBxx_HAL_Driver/Inc -I../Drivers/STM32WBxx_HAL_Driver/Inc/Legacy -I../Drivers/CMSIS/Device/ST/STM32WBxx/Include -I../Drivers/CMSIS/Include -O0 -ffunction-sections -fdata-sections -Wall -fstack-usage -MMD -MP -MF"Core/Src/main.d" -MT"Core/Src/main.o" --specs=nano.specs -mfpu=fpv4-sp-d16 -mfloat-abi=hard -mthumb -o "Core/Src/main.o"
../Core/Src/main.c: In function 'main':
../Core/Src/main.c:218:3: warning: "/*" within comment [-Wcomment]
  218 |   /* USER CODE END 3 */
      |    
../Core/Src/main.c:295:13: error: invalid storage class for function 'MX_SPI1_Init'
  295 | static void MX_SPI1_Init(void)
      |             ^~~~~~~~~~~~
../Core/Src/main.c:335:13: error: invalid storage class for function 'MX_SPI2_Init'
  335 | static void MX_SPI2_Init(void)
      |             ^~~~~~~~~~~~
../Core/Src/main.c:375:13: error: invalid storage class for function 'MX_GPIO_Init'
  375 | static void MX_GPIO_Init(void)
      |             ^~~~~~~~~~~~
../Core/Src/main.c:402:1: error: expected declaration or statement at end of input
  402 | }
      | ^
../Core/Src/main.c: At top level:
../Core/Src/main.c:58:13: warning: 'MX_GPIO_Init' used but never defined
   58 | static void MX_GPIO_Init(void);
      |             ^~~~~~~~~~~~
../Core/Src/main.c:59:13: warning: 'MX_SPI1_Init' used but never defined
   59 | static void MX_SPI1_Init(void);
      |             ^~~~~~~~~~~~
../Core/Src/main.c:60:13: warning: 'MX_SPI2_Init' used but never defined
   60 | static void MX_SPI2_Init(void);
      |             ^~~~~~~~~~~~
../Core/Src/main.c:393:6: warning: 'Error_Handler' defined but not used [-Wunused-function]
  393 | void Error_Handler(void)
      |      ^~~~~~~~~~~~~
../Core/Src/main.c:375:13: warning: 'MX_GPIO_Init' defined but not used [-Wunused-function]
  375 | static void MX_GPIO_Init(void)
      |             ^~~~~~~~~~~~
../Core/Src/main.c:335:13: warning: 'MX_SPI2_Init' defined but not used [-Wunused-function]
  335 | static void MX_SPI2_Init(void)
      |             ^~~~~~~~~~~~
../Core/Src/main.c:295:13: warning: 'MX_SPI1_Init' defined but not used [-Wunused-function]
  295 | static void MX_SPI1_Init(void)
      |             ^~~~~~~~~~~~
../Core/Src/main.c:271:6: warning: 'PeriphCommonClock_Config' defined but not used [-Wunused-function]
  271 | void PeriphCommonClock_Config(void)
      |      ^~~~~~~~~~~~~~~~~~~~~~~~
../Core/Src/main.c:225:6: warning: 'SystemClock_Config' defined but not used [-Wunused-function]
  225 | void SystemClock_Config(void)
      |      ^~~~~~~~~~~~~~~~~~
make: *** [Core/Src/subdir.mk:34: Core/Src/main.o] Error 1
"make -j8 all" terminated with exit code 2. Build might be incomplete.
19:42:57 **** Incremental Build of configuration Debug for project fowl ****
make -j8 all 
arm-none-eabi-gcc "../Core/Src/main.c" -mcpu=cortex-m4 -std=gnu11 -g3 -DDEBUG -DUSE_HAL_DRIVER -DSTM32WB55xx -c -I../Core/Inc -I../Drivers/STM32WBxx_HAL_Driver/Inc -I../Drivers/STM32WBxx_HAL_Driver/Inc/Legacy -I../Drivers/CMSIS/Device/ST/STM32WBxx/Include -I../Drivers/CMSIS/Include -O0 -ffunction-sections -fdata-sections -Wall -fstack-usage -MMD -MP -MF"Core/Src/main.d" -MT"Core/Src/main.o" --specs=nano.specs -mfpu=fpv4-sp-d16 -mfloat-abi=hard -mthumb -o "Core/Src/main.o"
arm-none-eabi-gcc -o "fowl.elf" @"objects.list"   -mcpu=cortex-m4 -T"C:\Users\sogonov\STM32CubeIDE\workspace_fowl\fowl\STM32WB55RCVX_FLASH.ld" --specs=nosys.specs -Wl,-Map="fowl.map" -Wl,--gc-sections -static --specs=nano.specs -mfpu=fpv4-sp-d16 -mfloat-abi=hard -mthumb -Wl,--start-group -lc -lm -Wl,--end-group
Finished building target: fowl.elf
 
arm-none-eabi-size   fowl.elf 
arm-none-eabi-objdump -h -S  fowl.elf  > "fowl.list"
   text	   data	    bss	    dec	    hex	filename
  10836	     20	   1768	  12624	   3150	fowl.elf
Finished building: default.size.stdout
 
Finished building: fowl.list
 
19:44:47 **** Incremental Build of configuration Debug for project fowl ****
make -j8 all 
arm-none-eabi-gcc "../Core/Src/main.c" -mcpu=cortex-m4 -std=gnu11 -g3 -DDEBUG -DUSE_HAL_DRIVER -DSTM32WB55xx -c -I../Core/Inc -I../Drivers/STM32WBxx_HAL_Driver/Inc -I../Drivers/STM32WBxx_HAL_Driver/Inc/Legacy -I../Drivers/CMSIS/Device/ST/STM32WBxx/Include -I../Drivers/CMSIS/Include -O0 -ffunction-sections -fdata-sections -Wall -fstack-usage -MMD -MP -MF"Core/Src/main.d" -MT"Core/Src/main.o" --specs=nano.specs -mfpu=fpv4-sp-d16 -mfloat-abi=hard -mthumb -o "Core/Src/main.o"
../Core/Src/main.c: In function 'ADS1293_read':
../Core/Src/main.c:92:27: warning: passing argument 2 of 'HAL_SPI_Transmit' makes pointer from integer without a cast [-Wint-conversion]
   92 |  HAL_SPI_Transmit(&hspi1, command_field, 1, 100);
      |                           ^~~~~~~~~~~~~
      |                           |
      |                           uint8_t {aka unsigned char}
In file included from ../Core/Inc/stm32wbxx_hal_conf.h:308,
                 from ../Drivers/STM32WBxx_HAL_Driver/Inc/stm32wbxx_hal.h:29,
                 from ../Core/Inc/main.h:30,
                 from ../Core/Src/main.c:20:
../Drivers/STM32WBxx_HAL_Driver/Inc/stm32wbxx_hal_spi.h:792:70: note: expected 'uint8_t *' {aka 'unsigned char *'} but argument is of type 'uint8_t' {aka 'unsigned char'}
  792 | HAL_StatusTypeDef HAL_SPI_Transmit(SPI_HandleTypeDef *hspi, uint8_t *pData, uint16_t Size, uint32_t Timeout);
      |                                                             ~~~~~~~~~^~~~~
../Core/Src/main.c:93:26: warning: passing argument 2 of 'HAL_SPI_Receive' makes pointer from integer without a cast [-Wint-conversion]
   93 |  HAL_SPI_Receive(&hspi1, read_val, 1, 100);
      |                          ^~~~~~~~
      |                          |
      |                          uint8_t {aka unsigned char}
In file included from ../Core/Inc/stm32wbxx_hal_conf.h:308,
                 from ../Drivers/STM32WBxx_HAL_Driver/Inc/stm32wbxx_hal.h:29,
                 from ../Core/Inc/main.h:30,
                 from ../Core/Src/main.c:20:
../Drivers/STM32WBxx_HAL_Driver/Inc/stm32wbxx_hal_spi.h:793:69: note: expected 'uint8_t *' {aka 'unsigned char *'} but argument is of type 'uint8_t' {aka 'unsigned char'}
  793 | HAL_StatusTypeDef HAL_SPI_Receive(SPI_HandleTypeDef *hspi, uint8_t *pData, uint16_t Size, uint32_t Timeout);
      |                                                            ~~~~~~~~~^~~~~
../Core/Src/main.c:93:2: warning: 'read_val' is used uninitialized in this function [-Wuninitialized]
   93 |  HAL_SPI_Receive(&hspi1, read_val, 1, 100);
      |  ^~~~~~~~~~~~~~~~~~~~~~~~~~~~~~~~~~~~~~~~~
arm-none-eabi-gcc -o "fowl.elf" @"objects.list"   -mcpu=cortex-m4 -T"C:\Users\sogonov\STM32CubeIDE\workspace_fowl\fowl\STM32WB55RCVX_FLASH.ld" --specs=nosys.specs -Wl,-Map="fowl.map" -Wl,--gc-sections -static --specs=nano.specs -mfpu=fpv4-sp-d16 -mfloat-abi=hard -mthumb -Wl,--start-group -lc -lm -Wl,--end-group
Finished building target: fowl.elf
 
arm-none-eabi-size   fowl.elf 
arm-none-eabi-objdump -h -S  fowl.elf  > "fowl.list"
   text	   data	    bss	    dec	    hex	filename
  10836	     20	   1768	  12624	   3150	fowl.elf
Finished building: default.size.stdout
 
Finished building: fowl.list
 
19:45:00 **** Incremental Build of configuration Debug for project fowl ****
make -j8 all 
arm-none-eabi-gcc "../Core/Src/main.c" -mcpu=cortex-m4 -std=gnu11 -g3 -DDEBUG -DUSE_HAL_DRIVER -DSTM32WB55xx -c -I../Core/Inc -I../Drivers/STM32WBxx_HAL_Driver/Inc -I../Drivers/STM32WBxx_HAL_Driver/Inc/Legacy -I../Drivers/CMSIS/Device/ST/STM32WBxx/Include -I../Drivers/CMSIS/Include -O0 -ffunction-sections -fdata-sections -Wall -fstack-usage -MMD -MP -MF"Core/Src/main.d" -MT"Core/Src/main.o" --specs=nano.specs -mfpu=fpv4-sp-d16 -mfloat-abi=hard -mthumb -o "Core/Src/main.o"
../Core/Src/main.c: In function 'ADS1293_read':
../Core/Src/main.c:92:27: warning: passing argument 2 of 'HAL_SPI_Transmit' makes pointer from integer without a cast [-Wint-conversion]
   92 |  HAL_SPI_Transmit(&hspi1, command_field, 1, 100);
      |                           ^~~~~~~~~~~~~
      |                           |
      |                           uint8_t {aka unsigned char}
In file included from ../Core/Inc/stm32wbxx_hal_conf.h:308,
                 from ../Drivers/STM32WBxx_HAL_Driver/Inc/stm32wbxx_hal.h:29,
                 from ../Core/Inc/main.h:30,
                 from ../Core/Src/main.c:20:
../Drivers/STM32WBxx_HAL_Driver/Inc/stm32wbxx_hal_spi.h:792:70: note: expected 'uint8_t *' {aka 'unsigned char *'} but argument is of type 'uint8_t' {aka 'unsigned char'}
  792 | HAL_StatusTypeDef HAL_SPI_Transmit(SPI_HandleTypeDef *hspi, uint8_t *pData, uint16_t Size, uint32_t Timeout);
      |                                                             ~~~~~~~~~^~~~~
arm-none-eabi-gcc -o "fowl.elf" @"objects.list"   -mcpu=cortex-m4 -T"C:\Users\sogonov\STM32CubeIDE\workspace_fowl\fowl\STM32WB55RCVX_FLASH.ld" --specs=nosys.specs -Wl,-Map="fowl.map" -Wl,--gc-sections -static --specs=nano.specs -mfpu=fpv4-sp-d16 -mfloat-abi=hard -mthumb -Wl,--start-group -lc -lm -Wl,--end-group
Finished building target: fowl.elf
 
arm-none-eabi-size   fowl.elf 
arm-none-eabi-objdump -h -S  fowl.elf  > "fowl.list"
   text	   data	    bss	    dec	    hex	filename
  10836	     20	   1768	  12624	   3150	fowl.elf
Finished building: default.size.stdout
 
Finished building: fowl.list
 
19:46:23 **** Incremental Build of configuration Debug for project fowl ****
make -j8 all 
arm-none-eabi-gcc "../Core/Src/main.c" -mcpu=cortex-m4 -std=gnu11 -g3 -DDEBUG -DUSE_HAL_DRIVER -DSTM32WB55xx -c -I../Core/Inc -I../Drivers/STM32WBxx_HAL_Driver/Inc -I../Drivers/STM32WBxx_HAL_Driver/Inc/Legacy -I../Drivers/CMSIS/Device/ST/STM32WBxx/Include -I../Drivers/CMSIS/Include -O0 -ffunction-sections -fdata-sections -Wall -fstack-usage -MMD -MP -MF"Core/Src/main.d" -MT"Core/Src/main.o" --specs=nano.specs -mfpu=fpv4-sp-d16 -mfloat-abi=hard -mthumb -o "Core/Src/main.o"
../Core/Src/main.c:88:16: warning: 'ADS1293_read' defined but not used [-Wunused-function]
   88 | static uint8_t ADS1293_read(uint8_t address){
      |                ^~~~~~~~~~~~
arm-none-eabi-gcc -o "fowl.elf" @"objects.list"   -mcpu=cortex-m4 -T"C:\Users\sogonov\STM32CubeIDE\workspace_fowl\fowl\STM32WB55RCVX_FLASH.ld" --specs=nosys.specs -Wl,-Map="fowl.map" -Wl,--gc-sections -static --specs=nano.specs -mfpu=fpv4-sp-d16 -mfloat-abi=hard -mthumb -Wl,--start-group -lc -lm -Wl,--end-group
Finished building target: fowl.elf
 
arm-none-eabi-size   fowl.elf 
arm-none-eabi-objdump -h -S  fowl.elf  > "fowl.list"
   text	   data	    bss	    dec	    hex	filename
  10836	     20	   1768	  12624	   3150	fowl.elf
Finished building: default.size.stdout
 
Finished building: fowl.list
 
19:47:09 **** Incremental Build of configuration Debug for project fowl ****
make -j8 all 
arm-none-eabi-gcc "../Core/Src/main.c" -mcpu=cortex-m4 -std=gnu11 -g3 -DDEBUG -DUSE_HAL_DRIVER -DSTM32WB55xx -c -I../Core/Inc -I../Drivers/STM32WBxx_HAL_Driver/Inc -I../Drivers/STM32WBxx_HAL_Driver/Inc/Legacy -I../Drivers/CMSIS/Device/ST/STM32WBxx/Include -I../Drivers/CMSIS/Include -O0 -ffunction-sections -fdata-sections -Wall -fstack-usage -MMD -MP -MF"Core/Src/main.d" -MT"Core/Src/main.o" --specs=nano.specs -mfpu=fpv4-sp-d16 -mfloat-abi=hard -mthumb -o "Core/Src/main.o"
arm-none-eabi-gcc -o "fowl.elf" @"objects.list"   -mcpu=cortex-m4 -T"C:\Users\sogonov\STM32CubeIDE\workspace_fowl\fowl\STM32WB55RCVX_FLASH.ld" --specs=nosys.specs -Wl,-Map="fowl.map" -Wl,--gc-sections -static --specs=nano.specs -mfpu=fpv4-sp-d16 -mfloat-abi=hard -mthumb -Wl,--start-group -lc -lm -Wl,--end-group
Finished building target: fowl.elf
 
arm-none-eabi-size   fowl.elf 
arm-none-eabi-objdump -h -S  fowl.elf  > "fowl.list"
   text	   data	    bss	    dec	    hex	filename
  14292	     20	   1768	  16080	   3ed0	fowl.elf
Finished building: default.size.stdout
 
Finished building: fowl.list
 
19:54:49 **** Incremental Build of configuration Debug for project fowl ****
make -j8 all 
arm-none-eabi-gcc "../Core/Src/main.c" -mcpu=cortex-m4 -std=gnu11 -g3 -DDEBUG -DUSE_HAL_DRIVER -DSTM32WB55xx -c -I../Core/Inc -I../Drivers/STM32WBxx_HAL_Driver/Inc -I../Drivers/STM32WBxx_HAL_Driver/Inc/Legacy -I../Drivers/CMSIS/Device/ST/STM32WBxx/Include -I../Drivers/CMSIS/Include -O0 -ffunction-sections -fdata-sections -Wall -fstack-usage -MMD -MP -MF"Core/Src/main.d" -MT"Core/Src/main.o" --specs=nano.specs -mfpu=fpv4-sp-d16 -mfloat-abi=hard -mthumb -o "Core/Src/main.o"
arm-none-eabi-gcc -o "fowl.elf" @"objects.list"   -mcpu=cortex-m4 -T"C:\Users\sogonov\STM32CubeIDE\workspace_fowl\fowl\STM32WB55RCVX_FLASH.ld" --specs=nosys.specs -Wl,-Map="fowl.map" -Wl,--gc-sections -static --specs=nano.specs -mfpu=fpv4-sp-d16 -mfloat-abi=hard -mthumb -Wl,--start-group -lc -lm -Wl,--end-group
Finished building target: fowl.elf
 
arm-none-eabi-size   fowl.elf 
arm-none-eabi-objdump -h -S  fowl.elf  > "fowl.list"
   text	   data	    bss	    dec	    hex	filename
  14292	     20	   1768	  16080	   3ed0	fowl.elf
Finished building: default.size.stdout
 
Finished building: fowl.list
 
